Archive member included to satisfy reference by file (symbol)

/usr/lib/gcc/arm-none-eabi/10.3.1/../../../arm-none-eabi/lib/thumb/v7e-m+fp/hard/libc_nano.a(lib_a-atexit.o)
                              /usr/lib/gcc/arm-none-eabi/10.3.1/../../../arm-none-eabi/lib/thumb/v7e-m+fp/hard/crt0.o (atexit)
/usr/lib/gcc/arm-none-eabi/10.3.1/../../../arm-none-eabi/lib/thumb/v7e-m+fp/hard/libc_nano.a(lib_a-exit.o)
                              /usr/lib/gcc/arm-none-eabi/10.3.1/../../../arm-none-eabi/lib/thumb/v7e-m+fp/hard/crt0.o (exit)
/usr/lib/gcc/arm-none-eabi/10.3.1/../../../arm-none-eabi/lib/thumb/v7e-m+fp/hard/libc_nano.a(lib_a-fini.o)
                              /usr/lib/gcc/arm-none-eabi/10.3.1/../../../arm-none-eabi/lib/thumb/v7e-m+fp/hard/crt0.o (__libc_fini_array)
/usr/lib/gcc/arm-none-eabi/10.3.1/../../../arm-none-eabi/lib/thumb/v7e-m+fp/hard/libc_nano.a(lib_a-impure.o)
                              /usr/lib/gcc/arm-none-eabi/10.3.1/../../../arm-none-eabi/lib/thumb/v7e-m+fp/hard/libc_nano.a(lib_a-exit.o) (_global_impure_ptr)
/usr/lib/gcc/arm-none-eabi/10.3.1/../../../arm-none-eabi/lib/thumb/v7e-m+fp/hard/libc_nano.a(lib_a-init.o)
                              /usr/lib/gcc/arm-none-eabi/10.3.1/../../../arm-none-eabi/lib/thumb/v7e-m+fp/hard/crt0.o (__libc_init_array)
/usr/lib/gcc/arm-none-eabi/10.3.1/../../../arm-none-eabi/lib/thumb/v7e-m+fp/hard/libc_nano.a(lib_a-memset.o)
                              /usr/lib/gcc/arm-none-eabi/10.3.1/../../../arm-none-eabi/lib/thumb/v7e-m+fp/hard/crt0.o (memset)
/usr/lib/gcc/arm-none-eabi/10.3.1/../../../arm-none-eabi/lib/thumb/v7e-m+fp/hard/libc_nano.a(lib_a-__atexit.o)
                              /usr/lib/gcc/arm-none-eabi/10.3.1/../../../arm-none-eabi/lib/thumb/v7e-m+fp/hard/libc_nano.a(lib_a-atexit.o) (__register_exitproc)
/usr/lib/gcc/arm-none-eabi/10.3.1/../../../arm-none-eabi/lib/thumb/v7e-m+fp/hard/libc_nano.a(lib_a-__call_atexit.o)
                              /usr/lib/gcc/arm-none-eabi/10.3.1/../../../arm-none-eabi/lib/thumb/v7e-m+fp/hard/libc_nano.a(lib_a-__atexit.o) (__call_exitprocs)
libs/PID/libPID.a(PID.c.obj)  CMakeFiles/Stalin.dir/App/Src/App.c.obj (PID)
/usr/lib/gcc/arm-none-eabi/10.3.1/thumb/v7e-m+fp/hard/libgcc.a(_arm_muldf3.o)
                              libs/PID/libPID.a(PID.c.obj) (__aeabi_dmul)
/usr/lib/gcc/arm-none-eabi/10.3.1/thumb/v7e-m+fp/hard/libgcc.a(_arm_addsubdf3.o)
                              libs/PID/libPID.a(PID.c.obj) (__aeabi_dsub)
/usr/lib/gcc/arm-none-eabi/10.3.1/thumb/v7e-m+fp/hard/libgcc.a(_arm_truncdfsf2.o)
                              libs/PID/libPID.a(PID.c.obj) (__aeabi_d2f)
/usr/lib/gcc/arm-none-eabi/10.3.1/thumb/v7e-m+fp/hard/libgcc.a(_aeabi_uldivmod.o)
                              CMakeFiles/Stalin.dir/Drivers/STM32F4xx_HAL_Driver/Src/stm32f4xx_hal_rcc.c.obj (__aeabi_uldivmod)
/usr/lib/gcc/arm-none-eabi/10.3.1/thumb/v7e-m+fp/hard/libgcc.a(_udivmoddi4.o)
                              /usr/lib/gcc/arm-none-eabi/10.3.1/thumb/v7e-m+fp/hard/libgcc.a(_aeabi_uldivmod.o) (__udivmoddi4)
/usr/lib/gcc/arm-none-eabi/10.3.1/thumb/v7e-m+fp/hard/libgcc.a(_dvmd_tls.o)
                              /usr/lib/gcc/arm-none-eabi/10.3.1/thumb/v7e-m+fp/hard/libgcc.a(_aeabi_uldivmod.o) (__aeabi_ldiv0)
/usr/lib/gcc/arm-none-eabi/10.3.1/../../../arm-none-eabi/lib/thumb/v7e-m+fp/hard/libg_nano.a(lib_a-errno.o)
                              CMakeFiles/Stalin.dir/Core/Src/sysmem.c.obj (__errno)
/usr/lib/gcc/arm-none-eabi/10.3.1/../../../arm-none-eabi/lib/thumb/v7e-m+fp/hard/libg_nano.a(lib_a-sprintf.o)
                              CMakeFiles/Stalin.dir/App/Src/App.c.obj (sprintf)
/usr/lib/gcc/arm-none-eabi/10.3.1/../../../arm-none-eabi/lib/thumb/v7e-m+fp/hard/libg_nano.a(lib_a-nano-svfprintf.o)
                              /usr/lib/gcc/arm-none-eabi/10.3.1/../../../arm-none-eabi/lib/thumb/v7e-m+fp/hard/libg_nano.a(lib_a-sprintf.o) (_svfprintf_r)
/usr/lib/gcc/arm-none-eabi/10.3.1/../../../arm-none-eabi/lib/thumb/v7e-m+fp/hard/libg_nano.a(lib_a-nano-vfprintf_i.o)
                              /usr/lib/gcc/arm-none-eabi/10.3.1/../../../arm-none-eabi/lib/thumb/v7e-m+fp/hard/libg_nano.a(lib_a-nano-svfprintf.o) (_printf_i)
/usr/lib/gcc/arm-none-eabi/10.3.1/../../../arm-none-eabi/lib/thumb/v7e-m+fp/hard/libg_nano.a(lib_a-memchr.o)
                              /usr/lib/gcc/arm-none-eabi/10.3.1/../../../arm-none-eabi/lib/thumb/v7e-m+fp/hard/libg_nano.a(lib_a-nano-svfprintf.o) (memchr)
/usr/lib/gcc/arm-none-eabi/10.3.1/../../../arm-none-eabi/lib/thumb/v7e-m+fp/hard/libg_nano.a(lib_a-memcpy.o)
                              /usr/lib/gcc/arm-none-eabi/10.3.1/../../../arm-none-eabi/lib/thumb/v7e-m+fp/hard/libg_nano.a(lib_a-nano-svfprintf.o) (memcpy)
/usr/lib/gcc/arm-none-eabi/10.3.1/../../../arm-none-eabi/lib/thumb/v7e-m+fp/hard/libg_nano.a(lib_a-memmove.o)
                              /usr/lib/gcc/arm-none-eabi/10.3.1/../../../arm-none-eabi/lib/thumb/v7e-m+fp/hard/libg_nano.a(lib_a-nano-svfprintf.o) (memmove)
[...]
Memory Configuration

Name             Origin             Length             Attributes
RAM              0x0000000020000000 0x0000000000020000 xrw
FLASH            0x0000000008000000 0x0000000000080000 xr
*default*        0x0000000000000000 0xffffffffffffffff

Linker script and memory map

LOAD /usr/lib/gcc/arm-none-eabi/10.3.1/thumb/v7e-m+fp/hard/crti.o
LOAD /usr/lib/gcc/arm-none-eabi/10.3.1/thumb/v7e-m+fp/hard/crtbegin.o
LOAD /usr/lib/gcc/arm-none-eabi/10.3.1/../../../arm-none-eabi/lib/thumb/v7e-m+fp/hard/crt0.o
START GROUP
LOAD /usr/lib/gcc/arm-none-eabi/10.3.1/../../../arm-none-eabi/lib/thumb/v7e-m+fp/hard/libc_nano.a
LOAD /usr/lib/gcc/arm-none-eabi/10.3.1/../../../arm-none-eabi/lib/thumb/v7e-m+fp/hard/libm.a
END GROUP
LOAD CMakeFiles/Stalin.dir/App/Src/App.c.obj
LOAD CMakeFiles/Stalin.dir/App/Src/Interrupt.c.obj
LOAD CMakeFiles/Stalin.dir/libs/CLI/Src/comand_processing.c.obj
LOAD CMakeFiles/Stalin.dir/libs/CLI/Src/serial_driver.c.obj
LOAD CMakeFiles/Stalin.dir/libs/Motor/Src/Motor.c.obj
LOAD CMakeFiles/Stalin.dir/libs/Encoder/Src/Encoder.c.obj
LOAD CMakeFiles/Stalin.dir/libs/AS5600/Src/AS5600LikeOdometr.c.obj
LOAD CMakeFiles/Stalin.dir/libs/AS5600/Src/I2C_Processing.c.obj
LOAD CMakeFiles/Stalin.dir/Core/Src/main.c.obj
LOAD CMakeFiles/Stalin.dir/Core/Src/stm32f4xx_it.c.obj
LOAD CMakeFiles/Stalin.dir/Core/Src/stm32f4xx_hal_msp.c.obj
LOAD CMakeFiles/Stalin.dir/Drivers/STM32F4xx_HAL_Driver/Src/stm32f4xx_hal_i2c.c.obj
LOAD CMakeFiles/Stalin.dir/Drivers/STM32F4xx_HAL_Driver/Src/stm32f4xx_hal_i2c_ex.c.obj
LOAD CMakeFiles/Stalin.dir/Drivers/STM32F4xx_HAL_Driver/Src/stm32f4xx_hal_rcc.c.obj
LOAD CMakeFiles/Stalin.dir/Drivers/STM32F4xx_HAL_Driver/Src/stm32f4xx_hal_rcc_ex.c.obj
LOAD CMakeFiles/Stalin.dir/Drivers/STM32F4xx_HAL_Driver/Src/stm32f4xx_hal_flash.c.obj
LOAD CMakeFiles/Stalin.dir/Drivers/STM32F4xx_HAL_Driver/Src/stm32f4xx_hal_flash_ex.c.obj
LOAD CMakeFiles/Stalin.dir/Drivers/STM32F4xx_HAL_Driver/Src/stm32f4xx_hal_flash_ramfunc.c.obj
LOAD CMakeFiles/Stalin.dir/Drivers/STM32F4xx_HAL_Driver/Src/stm32f4xx_hal_gpio.c.obj
LOAD CMakeFiles/Stalin.dir/Drivers/STM32F4xx_HAL_Driver/Src/stm32f4xx_hal_dma_ex.c.obj
LOAD CMakeFiles/Stalin.dir/Drivers/STM32F4xx_HAL_Driver/Src/stm32f4xx_hal_dma.c.obj
LOAD CMakeFiles/Stalin.dir/Drivers/STM32F4xx_HAL_Driver/Src/stm32f4xx_hal_pwr.c.obj
LOAD CMakeFiles/Stalin.dir/Drivers/STM32F4xx_HAL_Driver/Src/stm32f4xx_hal_pwr_ex.c.obj
LOAD CMakeFiles/Stalin.dir/Drivers/STM32F4xx_HAL_Driver/Src/stm32f4xx_hal_cortex.c.obj
LOAD CMakeFiles/Stalin.dir/Drivers/STM32F4xx_HAL_Driver/Src/stm32f4xx_hal.c.obj
LOAD CMakeFiles/Stalin.dir/Drivers/STM32F4xx_HAL_Driver/Src/stm32f4xx_hal_exti.c.obj
LOAD CMakeFiles/Stalin.dir/Drivers/STM32F4xx_HAL_Driver/Src/stm32f4xx_hal_tim.c.obj
LOAD CMakeFiles/Stalin.dir/Drivers/STM32F4xx_HAL_Driver/Src/stm32f4xx_hal_tim_ex.c.obj
LOAD CMakeFiles/Stalin.dir/Drivers/STM32F4xx_HAL_Driver/Src/stm32f4xx_hal_uart.c.obj
LOAD CMakeFiles/Stalin.dir/Core/Src/system_stm32f4xx.c.obj
LOAD CMakeFiles/Stalin.dir/Core/Src/sysmem.c.obj
LOAD CMakeFiles/Stalin.dir/Core/Src/syscalls.c.obj
LOAD CMakeFiles/Stalin.dir/startup_stm32f411xe.s.obj
LOAD libs/PID/libPID.a
START GROUP
LOAD /usr/lib/gcc/arm-none-eabi/10.3.1/thumb/v7e-m+fp/hard/libgcc.a
LOAD /usr/lib/gcc/arm-none-eabi/10.3.1/../../../arm-none-eabi/lib/thumb/v7e-m+fp/hard/libg_nano.a
LOAD /usr/lib/gcc/arm-none-eabi/10.3.1/../../../arm-none-eabi/lib/thumb/v7e-m+fp/hard/libc_nano.a
END GROUP
START GROUP
LOAD /usr/lib/gcc/arm-none-eabi/10.3.1/thumb/v7e-m+fp/hard/libgcc.a
LOAD /usr/lib/gcc/arm-none-eabi/10.3.1/../../../arm-none-eabi/lib/thumb/v7e-m+fp/hard/libc_nano.a
END GROUP
LOAD /usr/lib/gcc/arm-none-eabi/10.3.1/thumb/v7e-m+fp/hard/crtend.o
LOAD /usr/lib/gcc/arm-none-eabi/10.3.1/thumb/v7e-m+fp/hard/crtn.o
                0x0000000020020000                _estack = (ORIGIN (RAM) + LENGTH (RAM))
                0x0000000000002000                _Min_Heap_Size = 0x2000
                0x0000000000004000                _Min_Stack_Size = 0x4000

.isr_vector     0x0000000008000000      0x198
                0x0000000008000000                . = ALIGN (0x4)
 *(.isr_vector)
 .isr_vector    0x0000000008000000      0x198 CMakeFiles/Stalin.dir/startup_stm32f411xe.s.obj
                0x0000000008000000                g_pfnVectors
                0x0000000008000198                . = ALIGN (0x4)

.text           0x00000000080001a0     0x8f0c
                0x00000000080001a0                . = ALIGN (0x4)
 *(.text)
 .text          0x00000000080001a0       0x88 /usr/lib/gcc/arm-none-eabi/10.3.1/thumb/v7e-m+fp/hard/crtbegin.o
 .text          0x0000000008000228       0x48 /usr/lib/gcc/arm-none-eabi/10.3.1/../../../arm-none-eabi/lib/thumb/v7e-m+fp/hard/libc_nano.a(lib_a-init.o)
                0x0000000008000228                __libc_init_array
 .text          0x0000000008000270       0xa4 /usr/lib/gcc/arm-none-eabi/10.3.1/../../../arm-none-eabi/lib/thumb/v7e-m+fp/hard/libc_nano.a(lib_a-memset.o)
                0x0000000008000270                memset
 .text          0x0000000008000314      0x254 /usr/lib/gcc/arm-none-eabi/10.3.1/thumb/v7e-m+fp/hard/libgcc.a(_arm_muldf3.o)
                0x0000000008000314                __aeabi_dmul
                0x0000000008000314                __muldf3
 .text          0x0000000008000568      0x378 /usr/lib/gcc/arm-none-eabi/10.3.1/thumb/v7e-m+fp/hard/libgcc.a(_arm_addsubdf3.o)
                0x0000000008000568                __aeabi_drsub
                0x0000000008000570                __aeabi_dsub
                0x0000000008000570                __subdf3
                0x0000000008000574                __adddf3
                0x0000000008000574                __aeabi_dadd
                0x00000000080007ec                __aeabi_ui2d
                0x00000000080007ec                __floatunsidf
                0x000000000800080c                __floatsidf
                0x000000000800080c                __aeabi_i2d
                0x0000000008000830                __extendsfdf2
                0x0000000008000830                __aeabi_f2d
                0x0000000008000874                __aeabi_ul2d
                0x0000000008000874                __floatundidf
                0x0000000008000884                __floatdidf
                0x0000000008000884                __aeabi_l2d
 .text          0x00000000080008e0       0xa0 /usr/lib/gcc/arm-none-eabi/10.3.1/thumb/v7e-m+fp/hard/libgcc.a(_arm_truncdfsf2.o)
                0x00000000080008e0                __aeabi_d2f
                0x00000000080008e0                __truncdfsf2
 .text          0x0000000008000980       0x30 /usr/lib/gcc/arm-none-eabi/10.3.1/thumb/v7e-m+fp/hard/libgcc.a(_aeabi_uldivmod.o)
                0x0000000008000980                __aeabi_uldivmod
 .text          0x00000000080009b0      0x2d0 /usr/lib/gcc/arm-none-eabi/10.3.1/thumb/v7e-m+fp/hard/libgcc.a(_udivmoddi4.o)
                0x00000000080009b0                __udivmoddi4
 .text          0x0000000008000c80        0x4 /usr/lib/gcc/arm-none-eabi/10.3.1/thumb/v7e-m+fp/hard/libgcc.a(_dvmd_tls.o)
                0x0000000008000c80                __aeabi_ldiv0
                0x0000000008000c80                __aeabi_idiv0
 .text          0x0000000008000c84        0xc /usr/lib/gcc/arm-none-eabi/10.3.1/../../../arm-none-eabi/lib/thumb/v7e-m+fp/hard/libg_nano.a(lib_a-errno.o)
                0x0000000008000c84                __errno
 .text          0x0000000008000c90       0x78 /usr/lib/gcc/arm-none-eabi/10.3.1/../../../arm-none-eabi/lib/thumb/v7e-m+fp/hard/libg_nano.a(lib_a-sprintf.o)
                0x0000000008000c90                _siprintf_r
                0x0000000008000c90                _sprintf_r
                0x0000000008000cc8                sprintf
                0x0000000008000cc8                siprintf
 .text          0x0000000008000d08      0x3f0 /usr/lib/gcc/arm-none-eabi/10.3.1/../../../arm-none-eabi/lib/thumb/v7e-m+fp/hard/libg_nano.a(lib_a-nano-svfprintf.o)
                0x0000000008000d08                __ssputs_r
                0x0000000008000dcc                __ssprint_r
                0x0000000008000ec4                _svfprintf_r
                0x0000000008000ec4                _svfiprintf_r
 .text          0x00000000080010f8      0x3dc /usr/lib/gcc/arm-none-eabi/10.3.1/../../../arm-none-eabi/lib/thumb/v7e-m+fp/hard/libg_nano.a(lib_a-nano-vfprintf_i.o)
                0x00000000080010f8                _printf_common
                0x0000000008001224                _printf_i
 *fill*         0x00000000080014d4        0xc 
 .text          0x00000000080014e0       0xa0 /usr/lib/gcc/arm-none-eabi/10.3.1/../../../arm-none-eabi/lib/thumb/v7e-m+fp/hard/libg_nano.a(lib_a-memchr.o)
                0x00000000080014e0                memchr
 .text          0x0000000008001580      0x134 /usr/lib/gcc/arm-none-eabi/10.3.1/../../../arm-none-eabi/lib/thumb/v7e-m+fp/hard/libg_nano.a(lib_a-memcpy.o)
                0x0000000008001580                memcpy
 .text          0x00000000080016b4       0xf8 /usr/lib/gcc/arm-none-eabi/10.3.1/../../../arm-none-eabi/lib/thumb/v7e-m+fp/hard/libg_nano.a(lib_a-memmove.o)
                0x00000000080016b4                memmove
 .text          0x00000000080017ac       0xc4 /usr/lib/gcc/arm-none-eabi/10.3.1/../../../arm-none-eabi/lib/thumb/v7e-m+fp/hard/libg_nano.a(lib_a-nano-freer.o)
                0x00000000080017ac                _free_r
 .text          0x0000000008001870       0xb4 /usr/lib/gcc/arm-none-eabi/10.3.1/../../../arm-none-eabi/lib/thumb/v7e-m+fp/hard/libg_nano.a(lib_a-nano-mallocr.o)
                0x0000000008001870                _malloc_r
 .text          0x0000000008001924       0x50 /usr/lib/gcc/arm-none-eabi/10.3.1/../../../arm-none-eabi/lib/thumb/v7e-m+fp/hard/libg_nano.a(lib_a-nano-reallocr.o)
                0x0000000008001924                _realloc_r
 .text          0x0000000008001974       0x24 /usr/lib/gcc/arm-none-eabi/10.3.1/../../../arm-none-eabi/lib/thumb/v7e-m+fp/hard/libg_nano.a(lib_a-sbrkr.o)
                0x0000000008001974                _sbrk_r
 .text          0x0000000008001998        0x8 /usr/lib/gcc/arm-none-eabi/10.3.1/../../../arm-none-eabi/lib/thumb/v7e-m+fp/hard/libg_nano.a(lib_a-mlock.o)
                0x0000000008001998                __malloc_lock
                0x000000000800199c                __malloc_unlock
 .text          0x00000000080019a0       0x14 /usr/lib/gcc/arm-none-eabi/10.3.1/../../../arm-none-eabi/lib/thumb/v7e-m+fp/hard/libg_nano.a(lib_a-nano-msizer.o)
                0x00000000080019a0                _malloc_usable_size_r
 *(.text*)
 .text.InitStartState
                0x00000000080019b4       0x50 CMakeFiles/Stalin.dir/App/Src/App.c.obj
                0x00000000080019b4                InitStartState
 .text.App      0x0000000008001a04       0x94 CMakeFiles/Stalin.dir/App/Src/App.c.obj
                0x0000000008001a04                App
 .text.CrossCheck
                0x0000000008001a98        0xe CMakeFiles/Stalin.dir/App/Src/App.c.obj
                0x0000000008001a98                CrossCheck
 *fill*         0x0000000008001aa6        0x2 
 .text.SetSpeed
                0x0000000008001aa8       0x5c CMakeFiles/Stalin.dir/App/Src/App.c.obj
                0x0000000008001aa8                SetSpeed
 .text.PidCulc  0x0000000008001b04       0x58 CMakeFiles/Stalin.dir/App/Src/App.c.obj
                0x0000000008001b04                PidCulc
 .text.NoneOperation
                0x0000000008001b5c       0x16 CMakeFiles/Stalin.dir/App/Src/App.c.obj
                0x0000000008001b5c                NoneOperation
 *fill*         0x0000000008001b72        0x2 
 .text.LED      0x0000000008001b74       0x7c CMakeFiles/Stalin.dir/App/Src/App.c.obj
                0x0000000008001b74                LED
 .text.I2C_Ping
                0x0000000008001bf0       0x74 CMakeFiles/Stalin.dir/App/Src/App.c.obj
                0x0000000008001bf0                I2C_Ping
 .text.I2C_Read
                0x0000000008001c64       0x78 CMakeFiles/Stalin.dir/App/Src/App.c.obj
                0x0000000008001c64                I2C_Read
 .text.HAL_UART_RxCpltCallback
                0x0000000008001cdc       0x8c CMakeFiles/Stalin.dir/App/Src/Interrupt.c.obj
                0x0000000008001cdc                HAL_UART_RxCpltCallback
 .text.HAL_I2C_ErrorCallback
                0x0000000008001d68       0x14 CMakeFiles/Stalin.dir/App/Src/Interrupt.c.obj
                0x0000000008001d68                HAL_I2C_ErrorCallback
 .text.FindFunc
                0x0000000008001d7c       0x70 CMakeFiles/Stalin.dir/libs/CLI/Src/comand_processing.c.obj
                0x0000000008001d7c                FindFunc
 .text.stcmp    0x0000000008001dec       0x42 CMakeFiles/Stalin.dir/libs/CLI/Src/comand_processing.c.obj
                0x0000000008001dec                stcmp
 *fill*         0x0000000008001e2e        0x2 
 .text.SerialInit
                0x0000000008001e30       0x20 CMakeFiles/Stalin.dir/libs/CLI/Src/serial_driver.c.obj
                0x0000000008001e30                SerialInit
 .text.SerialWrite
                0x0000000008001e50       0x28 CMakeFiles/Stalin.dir/libs/CLI/Src/serial_driver.c.obj
                0x0000000008001e50                SerialWrite
 .text.ProcessingInputData
                0x0000000008001e78       0x8c CMakeFiles/Stalin.dir/libs/CLI/Src/serial_driver.c.obj
                0x0000000008001e78                ProcessingInputData
 .text.CMDProcessing
                0x0000000008001f04      0x198 CMakeFiles/Stalin.dir/libs/CLI/Src/serial_driver.c.obj
                0x0000000008001f04                CMDProcessing
 .text.SendEndOfString
                0x000000000800209c       0x14 CMakeFiles/Stalin.dir/libs/CLI/Src/serial_driver.c.obj
                0x000000000800209c                SendEndOfString
 .text.MotorsInitStructs
                0x00000000080020b0       0x4c CMakeFiles/Stalin.dir/libs/Motor/Src/Motor.c.obj
                0x00000000080020b0                MotorsInitStructs
 .text.MotorStart
                0x00000000080020fc      0x104 CMakeFiles/Stalin.dir/libs/Motor/Src/Motor.c.obj
                0x00000000080020fc                MotorStart
 .text.SetMotorPWM
                0x0000000008002200       0x68 CMakeFiles/Stalin.dir/libs/Motor/Src/Motor.c.obj
                0x0000000008002200                SetMotorPWM
 .text.SetPWM   0x0000000008002268      0x164 CMakeFiles/Stalin.dir/libs/Motor/Src/Motor.c.obj
                0x0000000008002268                SetPWM
 .text.InitAS5600
                0x00000000080023cc      0x130 CMakeFiles/Stalin.dir/libs/AS5600/Src/AS5600LikeOdometr.c.obj
                0x00000000080023cc                InitAS5600
 .text.CulcMovSpeedAS5600
                0x00000000080024fc       0x9c CMakeFiles/Stalin.dir/libs/AS5600/Src/AS5600LikeOdometr.c.obj
                0x00000000080024fc                CulcMovSpeedAS5600
 .text.StartMeaserAS5600
                0x0000000008002598       0x28 CMakeFiles/Stalin.dir/libs/AS5600/Src/I2C_Processing.c.obj
                0x0000000008002598                StartMeaserAS5600
 .text.HAL_I2C_MemRxCpltCallback
                0x00000000080025c0       0xac CMakeFiles/Stalin.dir/libs/AS5600/Src/I2C_Processing.c.obj
                0x00000000080025c0                HAL_I2C_MemRxCpltCallback
 .text.HAL_I2C_MasterTxCpltCallback
                0x000000000800266c       0x44 CMakeFiles/Stalin.dir/libs/AS5600/Src/I2C_Processing.c.obj
                0x000000000800266c                HAL_I2C_MasterTxCpltCallback
 .text.main     0x00000000080026b0       0x2e CMakeFiles/Stalin.dir/Core/Src/main.c.obj
                0x00000000080026b0                main
 *fill*         0x00000000080026de        0x2 
 .text.SystemClock_Config
                0x00000000080026e0       0xd0 CMakeFiles/Stalin.dir/Core/Src/main.c.obj
                0x00000000080026e0                SystemClock_Config
 .text.MX_I2C1_Init
                0x00000000080027b0       0x5c CMakeFiles/Stalin.dir/Core/Src/main.c.obj
 .text.MX_TIM1_Init
                0x000000000800280c      0x108 CMakeFiles/Stalin.dir/Core/Src/main.c.obj
 .text.MX_USART1_UART_Init
                0x0000000008002914       0x54 CMakeFiles/Stalin.dir/Core/Src/main.c.obj
 .text.MX_USART2_UART_Init
                0x0000000008002968       0x54 CMakeFiles/Stalin.dir/Core/Src/main.c.obj
 .text.MX_GPIO_Init
                0x00000000080029bc       0xd4 CMakeFiles/Stalin.dir/Core/Src/main.c.obj
 .text.Error_Handler
                0x0000000008002a90        0xa CMakeFiles/Stalin.dir/Core/Src/main.c.obj
                0x0000000008002a90                Error_Handler
 .text.NMI_Handler
                0x0000000008002a9a        0x6 CMakeFiles/Stalin.dir/Core/Src/stm32f4xx_it.c.obj
                0x0000000008002a9a                NMI_Handler
 .text.HardFault_Handler
                0x0000000008002aa0        0x6 CMakeFiles/Stalin.dir/Core/Src/stm32f4xx_it.c.obj
                0x0000000008002aa0                HardFault_Handler
 .text.MemManage_Handler
                0x0000000008002aa6        0x6 CMakeFiles/Stalin.dir/Core/Src/stm32f4xx_it.c.obj
                0x0000000008002aa6                MemManage_Handler
 .text.BusFault_Handler
                0x0000000008002aac        0x6 CMakeFiles/Stalin.dir/Core/Src/stm32f4xx_it.c.obj
                0x0000000008002aac                BusFault_Handler
 .text.UsageFault_Handler
                0x0000000008002ab2        0x6 CMakeFiles/Stalin.dir/Core/Src/stm32f4xx_it.c.obj
                0x0000000008002ab2                UsageFault_Handler
 .text.SVC_Handler
                0x0000000008002ab8        0xe CMakeFiles/Stalin.dir/Core/Src/stm32f4xx_it.c.obj
                0x0000000008002ab8                SVC_Handler
 .text.DebugMon_Handler
                0x0000000008002ac6        0xe CMakeFiles/Stalin.dir/Core/Src/stm32f4xx_it.c.obj
                0x0000000008002ac6                DebugMon_Handler
 .text.PendSV_Handler
                0x0000000008002ad4        0xe CMakeFiles/Stalin.dir/Core/Src/stm32f4xx_it.c.obj
                0x0000000008002ad4                PendSV_Handler
 *fill*         0x0000000008002ae2        0x2 
 .text.SysTick_Handler
                0x0000000008002ae4       0x9c CMakeFiles/Stalin.dir/Core/Src/stm32f4xx_it.c.obj
                0x0000000008002ae4                SysTick_Handler
 .text.I2C1_EV_IRQHandler
                0x0000000008002b80       0x14 CMakeFiles/Stalin.dir/Core/Src/stm32f4xx_it.c.obj
                0x0000000008002b80                I2C1_EV_IRQHandler
 .text.I2C1_ER_IRQHandler
                0x0000000008002b94       0x14 CMakeFiles/Stalin.dir/Core/Src/stm32f4xx_it.c.obj
                0x0000000008002b94                I2C1_ER_IRQHandler
 .text.USART1_IRQHandler
                0x0000000008002ba8       0x14 CMakeFiles/Stalin.dir/Core/Src/stm32f4xx_it.c.obj
                0x0000000008002ba8                USART1_IRQHandler
 .text.USART2_IRQHandler
                0x0000000008002bbc       0x14 CMakeFiles/Stalin.dir/Core/Src/stm32f4xx_it.c.obj
                0x0000000008002bbc                USART2_IRQHandler
 .text.HAL_MspInit
                0x0000000008002bd0       0x50 CMakeFiles/Stalin.dir/Core/Src/stm32f4xx_hal_msp.c.obj
                0x0000000008002bd0                HAL_MspInit
 .text.HAL_I2C_MspInit
                0x0000000008002c20       0xb0 CMakeFiles/Stalin.dir/Core/Src/stm32f4xx_hal_msp.c.obj
                0x0000000008002c20                HAL_I2C_MspInit
 .text.HAL_TIM_PWM_MspInit
                0x0000000008002cd0       0x44 CMakeFiles/Stalin.dir/Core/Src/stm32f4xx_hal_msp.c.obj
                0x0000000008002cd0                HAL_TIM_PWM_MspInit
 .text.HAL_TIM_MspPostInit
                0x0000000008002d14       0x74 CMakeFiles/Stalin.dir/Core/Src/stm32f4xx_hal_msp.c.obj
                0x0000000008002d14                HAL_TIM_MspPostInit
 .text.HAL_UART_MspInit
                0x0000000008002d88      0x118 CMakeFiles/Stalin.dir/Core/Src/stm32f4xx_hal_msp.c.obj
                0x0000000008002d88                HAL_UART_MspInit
 .text.HAL_I2C_Init
                0x0000000008002ea0      0x288 CMakeFiles/Stalin.dir/Drivers/STM32F4xx_HAL_Driver/Src/stm32f4xx_hal_i2c.c.obj
                0x0000000008002ea0                HAL_I2C_Init
 .text.I2C_Flush_DR
                0x0000000008003128       0x2a CMakeFiles/Stalin.dir/Drivers/STM32F4xx_HAL_Driver/Src/stm32f4xx_hal_i2c.c.obj
 *fill*         0x0000000008003152        0x2 
 .text.HAL_I2C_Master_Transmit
                0x0000000008003154      0x1fc CMakeFiles/Stalin.dir/Drivers/STM32F4xx_HAL_Driver/Src/stm32f4xx_hal_i2c.c.obj
                0x0000000008003154                HAL_I2C_Master_Transmit
 .text.HAL_I2C_Master_Transmit_DMA
                0x0000000008003350      0x258 CMakeFiles/Stalin.dir/Drivers/STM32F4xx_HAL_Driver/Src/stm32f4xx_hal_i2c.c.obj
                0x0000000008003350                HAL_I2C_Master_Transmit_DMA
 .text.HAL_I2C_Mem_Read
                0x00000000080035a8      0x464 CMakeFiles/Stalin.dir/Drivers/STM32F4xx_HAL_Driver/Src/stm32f4xx_hal_i2c.c.obj
                0x00000000080035a8                HAL_I2C_Mem_Read
 .text.HAL_I2C_Mem_Read_DMA
                0x0000000008003a0c      0x320 CMakeFiles/Stalin.dir/Drivers/STM32F4xx_HAL_Driver/Src/stm32f4xx_hal_i2c.c.obj
                0x0000000008003a0c                HAL_I2C_Mem_Read_DMA
 .text.HAL_I2C_EV_IRQHandler
                0x0000000008003d2c      0x2e2 CMakeFiles/Stalin.dir/Drivers/STM32F4xx_HAL_Driver/Src/stm32f4xx_hal_i2c.c.obj
                0x0000000008003d2c                HAL_I2C_EV_IRQHandler
 .text.HAL_I2C_ER_IRQHandler
                0x000000000800400e      0x14e CMakeFiles/Stalin.dir/Drivers/STM32F4xx_HAL_Driver/Src/stm32f4xx_hal_i2c.c.obj
                0x000000000800400e                HAL_I2C_ER_IRQHandler
 .text.HAL_I2C_MasterRxCpltCallback
                0x000000000800415c       0x14 CMakeFiles/Stalin.dir/Drivers/STM32F4xx_HAL_Driver/Src/stm32f4xx_hal_i2c.c.obj
                0x000000000800415c                HAL_I2C_MasterRxCpltCallback
 .text.HAL_I2C_SlaveTxCpltCallback
                0x0000000008004170       0x14 CMakeFiles/Stalin.dir/Drivers/STM32F4xx_HAL_Driver/Src/stm32f4xx_hal_i2c.c.obj
                0x0000000008004170                HAL_I2C_SlaveTxCpltCallback
 .text.HAL_I2C_SlaveRxCpltCallback
                0x0000000008004184       0x14 CMakeFiles/Stalin.dir/Drivers/STM32F4xx_HAL_Driver/Src/stm32f4xx_hal_i2c.c.obj
                0x0000000008004184                HAL_I2C_SlaveRxCpltCallback
 .text.HAL_I2C_AddrCallback
                0x0000000008004198       0x1c CMakeFiles/Stalin.dir/Drivers/STM32F4xx_HAL_Driver/Src/stm32f4xx_hal_i2c.c.obj
                0x0000000008004198                HAL_I2C_AddrCallback
 .text.HAL_I2C_ListenCpltCallback
                0x00000000080041b4       0x14 CMakeFiles/Stalin.dir/Drivers/STM32F4xx_HAL_Driver/Src/stm32f4xx_hal_i2c.c.obj
                0x00000000080041b4                HAL_I2C_ListenCpltCallback
 .text.HAL_I2C_MemTxCpltCallback
                0x00000000080041c8       0x14 CMakeFiles/Stalin.dir/Drivers/STM32F4xx_HAL_Driver/Src/stm32f4xx_hal_i2c.c.obj
                0x00000000080041c8                HAL_I2C_MemTxCpltCallback
 .text.HAL_I2C_AbortCpltCallback
                0x00000000080041dc       0x14 CMakeFiles/Stalin.dir/Drivers/STM32F4xx_HAL_Driver/Src/stm32f4xx_hal_i2c.c.obj
                0x00000000080041dc                HAL_I2C_AbortCpltCallback
 .text.I2C_MasterTransmit_TXE
                0x00000000080041f0      0x138 CMakeFiles/Stalin.dir/Drivers/STM32F4xx_HAL_Driver/Src/stm32f4xx_hal_i2c.c.obj
 .text.I2C_MasterTransmit_BTF
                0x0000000008004328       0xec CMakeFiles/Stalin.dir/Drivers/STM32F4xx_HAL_Driver/Src/stm32f4xx_hal_i2c.c.obj
 .text.I2C_MemoryTransmit_TXE_BTF
                0x0000000008004414      0x130 CMakeFiles/Stalin.dir/Drivers/STM32F4xx_HAL_Driver/Src/stm32f4xx_hal_i2c.c.obj
 .text.I2C_MasterReceive_RXNE
                0x0000000008004544      0x190 CMakeFiles/Stalin.dir/Drivers/STM32F4xx_HAL_Driver/Src/stm32f4xx_hal_i2c.c.obj
 .text.I2C_MasterReceive_BTF
                0x00000000080046d4      0x1ea CMakeFiles/Stalin.dir/Drivers/STM32F4xx_HAL_Driver/Src/stm32f4xx_hal_i2c.c.obj
 .text.I2C_Master_SB
                0x00000000080048be      0x10c CMakeFiles/Stalin.dir/Drivers/STM32F4xx_HAL_Driver/Src/stm32f4xx_hal_i2c.c.obj
 .text.I2C_Master_ADD10
                0x00000000080049ca       0x54 CMakeFiles/Stalin.dir/Drivers/STM32F4xx_HAL_Driver/Src/stm32f4xx_hal_i2c.c.obj
 .text.I2C_Master_ADDR
                0x0000000008004a1e      0x322 CMakeFiles/Stalin.dir/Drivers/STM32F4xx_HAL_Driver/Src/stm32f4xx_hal_i2c.c.obj
 .text.I2C_SlaveTransmit_TXE
                0x0000000008004d40       0x7a CMakeFiles/Stalin.dir/Drivers/STM32F4xx_HAL_Driver/Src/stm32f4xx_hal_i2c.c.obj
 .text.I2C_SlaveTransmit_BTF
                0x0000000008004dba       0x42 CMakeFiles/Stalin.dir/Drivers/STM32F4xx_HAL_Driver/Src/stm32f4xx_hal_i2c.c.obj
 .text.I2C_SlaveReceive_RXNE
                0x0000000008004dfc       0x7c CMakeFiles/Stalin.dir/Drivers/STM32F4xx_HAL_Driver/Src/stm32f4xx_hal_i2c.c.obj
 .text.I2C_SlaveReceive_BTF
                0x0000000008004e78       0x44 CMakeFiles/Stalin.dir/Drivers/STM32F4xx_HAL_Driver/Src/stm32f4xx_hal_i2c.c.obj
 .text.I2C_Slave_ADDR
                0x0000000008004ebc       0x94 CMakeFiles/Stalin.dir/Drivers/STM32F4xx_HAL_Driver/Src/stm32f4xx_hal_i2c.c.obj
 .text.I2C_Slave_STOPF
                0x0000000008004f50      0x260 CMakeFiles/Stalin.dir/Drivers/STM32F4xx_HAL_Driver/Src/stm32f4xx_hal_i2c.c.obj
 .text.I2C_Slave_AF
                0x00000000080051b0       0xe8 CMakeFiles/Stalin.dir/Drivers/STM32F4xx_HAL_Driver/Src/stm32f4xx_hal_i2c.c.obj
 .text.I2C_ITError
                0x0000000008005298      0x264 CMakeFiles/Stalin.dir/Drivers/STM32F4xx_HAL_Driver/Src/stm32f4xx_hal_i2c.c.obj
 .text.I2C_MasterRequestWrite
                0x00000000080054fc      0x104 CMakeFiles/Stalin.dir/Drivers/STM32F4xx_HAL_Driver/Src/stm32f4xx_hal_i2c.c.obj
 .text.I2C_RequestMemoryRead
                0x0000000008005600      0x1d0 CMakeFiles/Stalin.dir/Drivers/STM32F4xx_HAL_Driver/Src/stm32f4xx_hal_i2c.c.obj
 .text.I2C_DMAXferCplt
                0x00000000080057d0      0x1be CMakeFiles/Stalin.dir/Drivers/STM32F4xx_HAL_Driver/Src/stm32f4xx_hal_i2c.c.obj
 .text.I2C_DMAError
                0x000000000800598e       0x7a CMakeFiles/Stalin.dir/Drivers/STM32F4xx_HAL_Driver/Src/stm32f4xx_hal_i2c.c.obj
 .text.I2C_DMAAbort
                0x0000000008005a08      0x150 CMakeFiles/Stalin.dir/Drivers/STM32F4xx_HAL_Driver/Src/stm32f4xx_hal_i2c.c.obj
 .text.I2C_WaitOnFlagUntilTimeout
                0x0000000008005b58       0xf4 CMakeFiles/Stalin.dir/Drivers/STM32F4xx_HAL_Driver/Src/stm32f4xx_hal_i2c.c.obj
 .text.I2C_WaitOnMasterAddressFlagUntilTimeout
                0x0000000008005c4c      0x140 CMakeFiles/Stalin.dir/Drivers/STM32F4xx_HAL_Driver/Src/stm32f4xx_hal_i2c.c.obj
 .text.I2C_WaitOnTXEFlagUntilTimeout
                0x0000000008005d8c       0x90 CMakeFiles/Stalin.dir/Drivers/STM32F4xx_HAL_Driver/Src/stm32f4xx_hal_i2c.c.obj
 .text.I2C_WaitOnBTFFlagUntilTimeout
                0x0000000008005e1c       0x90 CMakeFiles/Stalin.dir/Drivers/STM32F4xx_HAL_Driver/Src/stm32f4xx_hal_i2c.c.obj
 .text.I2C_WaitOnSTOPRequestThroughIT
                0x0000000008005eac       0x64 CMakeFiles/Stalin.dir/Drivers/STM32F4xx_HAL_Driver/Src/stm32f4xx_hal_i2c.c.obj
 .text.I2C_WaitOnRXNEFlagUntilTimeout
                0x0000000008005f10       0xba CMakeFiles/Stalin.dir/Drivers/STM32F4xx_HAL_Driver/Src/stm32f4xx_hal_i2c.c.obj
 .text.I2C_IsAcknowledgeFailed
                0x0000000008005fca       0x5e CMakeFiles/Stalin.dir/Drivers/STM32F4xx_HAL_Driver/Src/stm32f4xx_hal_i2c.c.obj
 .text.I2C_ConvertOtherXferOptions
                0x0000000008006028       0x36 CMakeFiles/Stalin.dir/Drivers/STM32F4xx_HAL_Driver/Src/stm32f4xx_hal_i2c.c.obj
 *fill*         0x000000000800605e        0x2 
 .text.HAL_RCC_OscConfig
                0x0000000008006060      0x4f0 CMakeFiles/Stalin.dir/Drivers/STM32F4xx_HAL_Driver/Src/stm32f4xx_hal_rcc.c.obj
                0x0000000008006060                HAL_RCC_OscConfig
 .text.HAL_RCC_ClockConfig
                0x0000000008006550      0x1cc CMakeFiles/Stalin.dir/Drivers/STM32F4xx_HAL_Driver/Src/stm32f4xx_hal_rcc.c.obj
                0x0000000008006550                HAL_RCC_ClockConfig
 .text.HAL_RCC_GetSysClockFreq
                0x000000000800671c      0x18c CMakeFiles/Stalin.dir/Drivers/STM32F4xx_HAL_Driver/Src/stm32f4xx_hal_rcc.c.obj
                0x000000000800671c                HAL_RCC_GetSysClockFreq
 .text.HAL_RCC_GetHCLKFreq
                0x00000000080068a8       0x18 CMakeFiles/Stalin.dir/Drivers/STM32F4xx_HAL_Driver/Src/stm32f4xx_hal_rcc.c.obj
                0x00000000080068a8                HAL_RCC_GetHCLKFreq
 .text.HAL_RCC_GetPCLK1Freq
                0x00000000080068c0       0x28 CMakeFiles/Stalin.dir/Drivers/STM32F4xx_HAL_Driver/Src/stm32f4xx_hal_rcc.c.obj
                0x00000000080068c0                HAL_RCC_GetPCLK1Freq
 .text.HAL_RCC_GetPCLK2Freq
                0x00000000080068e8       0x28 CMakeFiles/Stalin.dir/Drivers/STM32F4xx_HAL_Driver/Src/stm32f4xx_hal_rcc.c.obj
                0x00000000080068e8                HAL_RCC_GetPCLK2Freq
 .text.HAL_GPIO_Init
                0x0000000008006910      0x308 CMakeFiles/Stalin.dir/Drivers/STM32F4xx_HAL_Driver/Src/stm32f4xx_hal_gpio.c.obj
                0x0000000008006910                HAL_GPIO_Init
 .text.HAL_GPIO_WritePin
                0x0000000008006c18       0x32 CMakeFiles/Stalin.dir/Drivers/STM32F4xx_HAL_Driver/Src/stm32f4xx_hal_gpio.c.obj
                0x0000000008006c18                HAL_GPIO_WritePin
 .text.HAL_GPIO_TogglePin
                0x0000000008006c4a       0x34 CMakeFiles/Stalin.dir/Drivers/STM32F4xx_HAL_Driver/Src/stm32f4xx_hal_gpio.c.obj
                0x0000000008006c4a                HAL_GPIO_TogglePin
 .text.HAL_DMA_Start_IT
                0x0000000008006c7e       0xb0 CMakeFiles/Stalin.dir/Drivers/STM32F4xx_HAL_Driver/Src/stm32f4xx_hal_dma.c.obj
                0x0000000008006c7e                HAL_DMA_Start_IT
 .text.HAL_DMA_Abort
                0x0000000008006d2e       0xe0 CMakeFiles/Stalin.dir/Drivers/STM32F4xx_HAL_Driver/Src/stm32f4xx_hal_dma.c.obj
                0x0000000008006d2e                HAL_DMA_Abort
 .text.HAL_DMA_Abort_IT
                0x0000000008006e0e       0x44 CMakeFiles/Stalin.dir/Drivers/STM32F4xx_HAL_Driver/Src/stm32f4xx_hal_dma.c.obj
                0x0000000008006e0e                HAL_DMA_Abort_IT
 .text.HAL_DMA_GetState
                0x0000000008006e52       0x1c CMakeFiles/Stalin.dir/Drivers/STM32F4xx_HAL_Driver/Src/stm32f4xx_hal_dma.c.obj
                0x0000000008006e52                HAL_DMA_GetState
 .text.HAL_DMA_GetError
                0x0000000008006e6e       0x18 CMakeFiles/Stalin.dir/Drivers/STM32F4xx_HAL_Driver/Src/stm32f4xx_hal_dma.c.obj
                0x0000000008006e6e                HAL_DMA_GetError
 .text.DMA_SetConfig
                0x0000000008006e86       0x5c CMakeFiles/Stalin.dir/Drivers/STM32F4xx_HAL_Driver/Src/stm32f4xx_hal_dma.c.obj
 *fill*         0x0000000008006ee2        0x2 
 .text.__NVIC_SetPriorityGrouping
                0x0000000008006ee4       0x48 CMakeFiles/Stalin.dir/Drivers/STM32F4xx_HAL_Driver/Src/stm32f4xx_hal_cortex.c.obj
 .text.__NVIC_GetPriorityGrouping
                0x0000000008006f2c       0x1c CMakeFiles/Stalin.dir/Drivers/STM32F4xx_HAL_Driver/Src/stm32f4xx_hal_cortex.c.obj
 .text.__NVIC_EnableIRQ
                0x0000000008006f48       0x3c CMakeFiles/Stalin.dir/Drivers/STM32F4xx_HAL_Driver/Src/stm32f4xx_hal_cortex.c.obj
 .text.__NVIC_SetPriority
                0x0000000008006f84       0x54 CMakeFiles/Stalin.dir/Drivers/STM32F4xx_HAL_Driver/Src/stm32f4xx_hal_cortex.c.obj
 .text.NVIC_EncodePriority
                0x0000000008006fd8       0x66 CMakeFiles/Stalin.dir/Drivers/STM32F4xx_HAL_Driver/Src/stm32f4xx_hal_cortex.c.obj
 *fill*         0x000000000800703e        0x2 
 .text.SysTick_Config
                0x0000000008007040       0x44 CMakeFiles/Stalin.dir/Drivers/STM32F4xx_HAL_Driver/Src/stm32f4xx_hal_cortex.c.obj
 .text.HAL_NVIC_SetPriorityGrouping
                0x0000000008007084       0x16 CMakeFiles/Stalin.dir/Drivers/STM32F4xx_HAL_Driver/Src/stm32f4xx_hal_cortex.c.obj
                0x0000000008007084                HAL_NVIC_SetPriorityGrouping
 .text.HAL_NVIC_SetPriority
                0x000000000800709a       0x38 CMakeFiles/Stalin.dir/Drivers/STM32F4xx_HAL_Driver/Src/stm32f4xx_hal_cortex.c.obj
                0x000000000800709a                HAL_NVIC_SetPriority
 .text.HAL_NVIC_EnableIRQ
                0x00000000080070d2       0x1c CMakeFiles/Stalin.dir/Drivers/STM32F4xx_HAL_Driver/Src/stm32f4xx_hal_cortex.c.obj
                0x00000000080070d2                HAL_NVIC_EnableIRQ
 .text.HAL_SYSTICK_Config
                0x00000000080070ee       0x18 CMakeFiles/Stalin.dir/Drivers/STM32F4xx_HAL_Driver/Src/stm32f4xx_hal_cortex.c.obj
                0x00000000080070ee                HAL_SYSTICK_Config
 *fill*         0x0000000008007106        0x2 
 .text.HAL_Init
                0x0000000008007108       0x44 CMakeFiles/Stalin.dir/Drivers/STM32F4xx_HAL_Driver/Src/stm32f4xx_hal.c.obj
                0x0000000008007108                HAL_Init
 .text.HAL_InitTick
                0x000000000800714c       0x60 CMakeFiles/Stalin.dir/Drivers/STM32F4xx_HAL_Driver/Src/stm32f4xx_hal.c.obj
                0x000000000800714c                HAL_InitTick
 .text.HAL_IncTick
                0x00000000080071ac       0x28 CMakeFiles/Stalin.dir/Drivers/STM32F4xx_HAL_Driver/Src/stm32f4xx_hal.c.obj
                0x00000000080071ac                HAL_IncTick
 .text.HAL_GetTick
                0x00000000080071d4       0x18 CMakeFiles/Stalin.dir/Drivers/STM32F4xx_HAL_Driver/Src/stm32f4xx_hal.c.obj
                0x00000000080071d4                HAL_GetTick
 .text.HAL_Delay
                0x00000000080071ec       0x48 CMakeFiles/Stalin.dir/Drivers/STM32F4xx_HAL_Driver/Src/stm32f4xx_hal.c.obj
                0x00000000080071ec                HAL_Delay
 .text.HAL_TIM_PWM_Init
                0x0000000008007234       0x9e CMakeFiles/Stalin.dir/Drivers/STM32F4xx_HAL_Driver/Src/stm32f4xx_hal_tim.c.obj
                0x0000000008007234                HAL_TIM_PWM_Init
 *fill*         0x00000000080072d2        0x2 
 .text.HAL_TIM_PWM_Start
                0x00000000080072d4      0x160 CMakeFiles/Stalin.dir/Drivers/STM32F4xx_HAL_Driver/Src/stm32f4xx_hal_tim.c.obj
                0x00000000080072d4                HAL_TIM_PWM_Start
 .text.HAL_TIM_PWM_ConfigChannel
                0x0000000008007434      0x184 CMakeFiles/Stalin.dir/Drivers/STM32F4xx_HAL_Driver/Src/stm32f4xx_hal_tim.c.obj
                0x0000000008007434                HAL_TIM_PWM_ConfigChannel
 .text.TIM_Base_SetConfig
                0x00000000080075b8      0x118 CMakeFiles/Stalin.dir/Drivers/STM32F4xx_HAL_Driver/Src/stm32f4xx_hal_tim.c.obj
                0x00000000080075b8                TIM_Base_SetConfig
 .text.TIM_OC1_SetConfig
                0x00000000080076d0       0xcc CMakeFiles/Stalin.dir/Drivers/STM32F4xx_HAL_Driver/Src/stm32f4xx_hal_tim.c.obj
 .text.TIM_OC2_SetConfig
                0x000000000800779c       0xd8 CMakeFiles/Stalin.dir/Drivers/STM32F4xx_HAL_Driver/Src/stm32f4xx_hal_tim.c.obj
                0x000000000800779c                TIM_OC2_SetConfig
 .text.TIM_OC3_SetConfig
                0x0000000008007874       0xd4 CMakeFiles/Stalin.dir/Drivers/STM32F4xx_HAL_Driver/Src/stm32f4xx_hal_tim.c.obj
 .text.TIM_OC4_SetConfig
                0x0000000008007948       0xa0 CMakeFiles/Stalin.dir/Drivers/STM32F4xx_HAL_Driver/Src/stm32f4xx_hal_tim.c.obj
 .text.TIM_CCxChannelCmd
                0x00000000080079e8       0x4a CMakeFiles/Stalin.dir/Drivers/STM32F4xx_HAL_Driver/Src/stm32f4xx_hal_tim.c.obj
                0x00000000080079e8                TIM_CCxChannelCmd
 *fill*         0x0000000008007a32        0x2 
 .text.HAL_TIMEx_PWMN_Start
                0x0000000008007a34      0x158 CMakeFiles/Stalin.dir/Drivers/STM32F4xx_HAL_Driver/Src/stm32f4xx_hal_tim_ex.c.obj
                0x0000000008007a34                HAL_TIMEx_PWMN_Start
 .text.HAL_TIMEx_MasterConfigSynchronization
                0x0000000008007b8c       0xdc CMakeFiles/Stalin.dir/Drivers/STM32F4xx_HAL_Driver/Src/stm32f4xx_hal_tim_ex.c.obj
                0x0000000008007b8c                HAL_TIMEx_MasterConfigSynchronization
 .text.HAL_TIMEx_ConfigBreakDeadTime
                0x0000000008007c68       0xa4 CMakeFiles/Stalin.dir/Drivers/STM32F4xx_HAL_Driver/Src/stm32f4xx_hal_tim_ex.c.obj
                0x0000000008007c68                HAL_TIMEx_ConfigBreakDeadTime
 .text.TIM_CCxNChannelCmd
                0x0000000008007d0c       0x4a CMakeFiles/Stalin.dir/Drivers/STM32F4xx_HAL_Driver/Src/stm32f4xx_hal_tim_ex.c.obj
 .text.HAL_UART_Init
                0x0000000008007d56       0xa0 CMakeFiles/Stalin.dir/Drivers/STM32F4xx_HAL_Driver/Src/stm32f4xx_hal_uart.c.obj
                0x0000000008007d56                HAL_UART_Init
 .text.HAL_UART_Transmit
                0x0000000008007df6      0x116 CMakeFiles/Stalin.dir/Drivers/STM32F4xx_HAL_Driver/Src/stm32f4xx_hal_uart.c.obj
                0x0000000008007df6                HAL_UART_Transmit
 .text.HAL_UART_Receive_IT
                0x0000000008007f0c       0x4a CMakeFiles/Stalin.dir/Drivers/STM32F4xx_HAL_Driver/Src/stm32f4xx_hal_uart.c.obj
                0x0000000008007f0c                HAL_UART_Receive_IT
 *fill*         0x0000000008007f56        0x2 
 .text.HAL_UART_IRQHandler
                0x0000000008007f58      0x554 CMakeFiles/Stalin.dir/Drivers/STM32F4xx_HAL_Driver/Src/stm32f4xx_hal_uart.c.obj
                0x0000000008007f58                HAL_UART_IRQHandler
 .text.HAL_UART_TxCpltCallback
                0x00000000080084ac       0x14 CMakeFiles/Stalin.dir/Drivers/STM32F4xx_HAL_Driver/Src/stm32f4xx_hal_uart.c.obj
                0x00000000080084ac                HAL_UART_TxCpltCallback
 .text.HAL_UART_ErrorCallback
                0x00000000080084c0       0x14 CMakeFiles/Stalin.dir/Drivers/STM32F4xx_HAL_Driver/Src/stm32f4xx_hal_uart.c.obj
                0x00000000080084c0                HAL_UART_ErrorCallback
 .text.HAL_UARTEx_RxEventCallback
                0x00000000080084d4       0x18 CMakeFiles/Stalin.dir/Drivers/STM32F4xx_HAL_Driver/Src/stm32f4xx_hal_uart.c.obj
                0x00000000080084d4                HAL_UARTEx_RxEventCallback
 .text.UART_WaitOnFlagUntilTimeout
                0x00000000080084ec       0xb2 CMakeFiles/Stalin.dir/Drivers/STM32F4xx_HAL_Driver/Src/stm32f4xx_hal_uart.c.obj
 .text.UART_Start_Receive_IT
                0x000000000800859e       0x74 CMakeFiles/Stalin.dir/Drivers/STM32F4xx_HAL_Driver/Src/stm32f4xx_hal_uart.c.obj
                0x000000000800859e                UART_Start_Receive_IT
 .text.UART_EndRxTransfer
                0x0000000008008612       0xc6 CMakeFiles/Stalin.dir/Drivers/STM32F4xx_HAL_Driver/Src/stm32f4xx_hal_uart.c.obj
 .text.UART_DMAAbortOnError
                0x00000000080086d8       0x22 CMakeFiles/Stalin.dir/Drivers/STM32F4xx_HAL_Driver/Src/stm32f4xx_hal_uart.c.obj
 .text.UART_Transmit_IT
                0x00000000080086fa       0xa0 CMakeFiles/Stalin.dir/Drivers/STM32F4xx_HAL_Driver/Src/stm32f4xx_hal_uart.c.obj
 .text.UART_EndTransmit_IT
                0x000000000800879a       0x30 CMakeFiles/Stalin.dir/Drivers/STM32F4xx_HAL_Driver/Src/stm32f4xx_hal_uart.c.obj
 .text.UART_Receive_IT
                0x00000000080087ca      0x17c CMakeFiles/Stalin.dir/Drivers/STM32F4xx_HAL_Driver/Src/stm32f4xx_hal_uart.c.obj
 *fill*         0x0000000008008946        0x2 
 .text.UART_SetConfig
                0x0000000008008948      0x4e8 CMakeFiles/Stalin.dir/Drivers/STM32F4xx_HAL_Driver/Src/stm32f4xx_hal_uart.c.obj
 .text.SystemInit
                0x0000000008008e30       0x24 CMakeFiles/Stalin.dir/Core/Src/system_stm32f4xx.c.obj
                0x0000000008008e30                SystemInit
 .text._sbrk    0x0000000008008e54       0x6c CMakeFiles/Stalin.dir/Core/Src/sysmem.c.obj
                0x0000000008008e54                _sbrk
 .text.Reset_Handler
                0x0000000008008ec0       0x50 CMakeFiles/Stalin.dir/startup_stm32f411xe.s.obj
                0x0000000008008ec0                Reset_Handler
 .text.Default_Handler
                0x0000000008008f10        0x2 CMakeFiles/Stalin.dir/startup_stm32f411xe.s.obj
                0x0000000008008f10                RTC_Alarm_IRQHandler
                0x0000000008008f10                EXTI2_IRQHandler
                0x0000000008008f10                SPI4_IRQHandler
                0x0000000008008f10                TIM1_CC_IRQHandler
                0x0000000008008f10                DMA2_Stream5_IRQHandler
                0x0000000008008f10                DMA1_Stream5_IRQHandler
                0x0000000008008f10                PVD_IRQHandler
                0x0000000008008f10                SDIO_IRQHandler
                0x0000000008008f10                TAMP_STAMP_IRQHandler
                0x0000000008008f10                EXTI3_IRQHandler
                0x0000000008008f10                TIM1_UP_TIM10_IRQHandler
                0x0000000008008f10                I2C3_ER_IRQHandler
                0x0000000008008f10                EXTI0_IRQHandler
                0x0000000008008f10                I2C2_EV_IRQHandler
                0x0000000008008f10                DMA1_Stream2_IRQHandler
                0x0000000008008f10                FPU_IRQHandler
                0x0000000008008f10                DMA2_Stream2_IRQHandler
                0x0000000008008f10                SPI1_IRQHandler
                0x0000000008008f10                TIM1_BRK_TIM9_IRQHandler
                0x0000000008008f10                DMA2_Stream3_IRQHandler
                0x0000000008008f10                USART6_IRQHandler
                0x0000000008008f10                DMA2_Stream0_IRQHandler
                0x0000000008008f10                TIM4_IRQHandler
                0x0000000008008f10                DMA1_Stream6_IRQHandler
                0x0000000008008f10                DMA1_Stream1_IRQHandler
                0x0000000008008f10                TIM3_IRQHandler
                0x0000000008008f10                RCC_IRQHandler
                0x0000000008008f10                Default_Handler
                0x0000000008008f10                EXTI15_10_IRQHandler
                0x0000000008008f10                ADC_IRQHandler
                0x0000000008008f10                DMA1_Stream7_IRQHandler
                0x0000000008008f10                SPI5_IRQHandler
                0x0000000008008f10                TIM5_IRQHandler
                0x0000000008008f10                DMA2_Stream7_IRQHandler
                0x0000000008008f10                I2C3_EV_IRQHandler
                0x0000000008008f10                EXTI9_5_IRQHandler
                0x0000000008008f10                RTC_WKUP_IRQHandler
                0x0000000008008f10                SPI2_IRQHandler
                0x0000000008008f10                DMA1_Stream0_IRQHandler
                0x0000000008008f10                EXTI4_IRQHandler
                0x0000000008008f10                WWDG_IRQHandler
                0x0000000008008f10                TIM2_IRQHandler
                0x0000000008008f10                OTG_FS_WKUP_IRQHandler
                0x0000000008008f10                TIM1_TRG_COM_TIM11_IRQHandler
                0x0000000008008f10                EXTI1_IRQHandler
                0x0000000008008f10                I2C2_ER_IRQHandler
                0x0000000008008f10                DMA2_Stream1_IRQHandler
                0x0000000008008f10                FLASH_IRQHandler
                0x0000000008008f10                DMA2_Stream4_IRQHandler
                0x0000000008008f10                OTG_FS_IRQHandler
                0x0000000008008f10                SPI3_IRQHandler
                0x0000000008008f10                DMA1_Stream4_IRQHandler
                0x0000000008008f10                DMA2_Stream6_IRQHandler
                0x0000000008008f10                DMA1_Stream3_IRQHandler
 *fill*         0x0000000008008f12        0x2 
 .text.PID      0x0000000008008f14      0x124 libs/PID/libPID.a(PID.c.obj)
                0x0000000008008f14                PID
 .text.SetKoef  0x0000000008009038       0x5c libs/PID/libPID.a(PID.c.obj)
                0x0000000008009038                SetKoef
 *(.glue_7)
 .glue_7        0x0000000008009094        0x0 linker stubs
 *(.glue_7t)
 .glue_7t       0x0000000008009094        0x0 linker stubs
 *(.eh_frame)
 .eh_frame      0x0000000008009094        0x0 /usr/lib/gcc/arm-none-eabi/10.3.1/thumb/v7e-m+fp/hard/crtbegin.o
 *(.init)
 .init          0x0000000008009094        0x4 /usr/lib/gcc/arm-none-eabi/10.3.1/thumb/v7e-m+fp/hard/crti.o
                0x0000000008009094                _init
 .init          0x0000000008009098        0x8 /usr/lib/gcc/arm-none-eabi/10.3.1/thumb/v7e-m+fp/hard/crtn.o
 *(.fini)
 .fini          0x00000000080090a0        0x4 /usr/lib/gcc/arm-none-eabi/10.3.1/thumb/v7e-m+fp/hard/crti.o
                0x00000000080090a0                _fini
 .fini          0x00000000080090a4        0x8 /usr/lib/gcc/arm-none-eabi/10.3.1/thumb/v7e-m+fp/hard/crtn.o
                0x00000000080090ac                . = ALIGN (0x4)
                0x00000000080090ac                _etext = .

.vfp11_veneer   0x00000000080090ac        0x0
 .vfp11_veneer  0x00000000080090ac        0x0 linker stubs

.v4_bx          0x00000000080090ac        0x0
 .v4_bx         0x00000000080090ac        0x0 linker stubs

.iplt           0x00000000080090ac        0x0
 .iplt          0x00000000080090ac        0x0 /usr/lib/gcc/arm-none-eabi/10.3.1/thumb/v7e-m+fp/hard/crtbegin.o

.rodata         0x00000000080090ac       0xb4
                0x00000000080090ac                . = ALIGN (0x4)
 *(.rodata)
 .rodata        0x00000000080090ac       0x33 CMakeFiles/Stalin.dir/App/Src/App.c.obj
 *fill*         0x00000000080090df        0x1 
 .rodata        0x00000000080090e0        0x2 CMakeFiles/Stalin.dir/libs/CLI/Src/comand_processing.c.obj
 *fill*         0x00000000080090e2        0x2 
 .rodata        0x00000000080090e4       0x1f CMakeFiles/Stalin.dir/libs/Motor/Src/Motor.c.obj
 *(.rodata*)
 *fill*         0x0000000008009103        0x1 
 .rodata.NewLine
                0x0000000008009104        0x8 CMakeFiles/Stalin.dir/libs/CLI/Src/serial_driver.c.obj
                0x0000000008009104                NewLine
 .rodata.AHBPrescTable
                0x000000000800910c       0x10 CMakeFiles/Stalin.dir/Core/Src/system_stm32f4xx.c.obj
                0x000000000800910c                AHBPrescTable
 .rodata.APBPrescTable
                0x000000000800911c        0x8 CMakeFiles/Stalin.dir/Core/Src/system_stm32f4xx.c.obj
                0x000000000800911c                APBPrescTable
 .rodata.str1.4
                0x0000000008009124       0x13 /usr/lib/gcc/arm-none-eabi/10.3.1/../../../arm-none-eabi/lib/thumb/v7e-m+fp/hard/libg_nano.a(lib_a-nano-svfprintf.o)
 *fill*         0x0000000008009137        0x1 
 .rodata.str1.4
                0x0000000008009138       0x25 /usr/lib/gcc/arm-none-eabi/10.3.1/../../../arm-none-eabi/lib/thumb/v7e-m+fp/hard/libg_nano.a(lib_a-nano-vfprintf_i.o)
                0x0000000008009160                . = ALIGN (0x4)
 *fill*         0x000000000800915d        0x3 

.ARM.extab
 *(.ARM.extab* .gnu.linkonce.armextab.*)

.ARM            0x0000000008009160        0x8
                0x0000000008009160                __exidx_start = .
 *(.ARM.exidx*)
 .ARM.exidx     0x0000000008009160        0x8 /usr/lib/gcc/arm-none-eabi/10.3.1/thumb/v7e-m+fp/hard/libgcc.a(_udivmoddi4.o)
                0x0000000008009168                __exidx_end = .

.rel.dyn        0x0000000008009168        0x0
 .rel.iplt      0x0000000008009168        0x0 /usr/lib/gcc/arm-none-eabi/10.3.1/thumb/v7e-m+fp/hard/crtbegin.o

.preinit_array  0x0000000008009168        0x0
                0x0000000008009168                PROVIDE (__preinit_array_start = .)
 *(.preinit_array*)
                0x0000000008009168                PROVIDE (__preinit_array_end = .)

.init_array     0x0000000008009168        0x4
                0x0000000008009168                PROVIDE (__init_array_start = .)
 *(SORT_BY_NAME(.init_array.*))
 *(.init_array*)
 .init_array    0x0000000008009168        0x4 /usr/lib/gcc/arm-none-eabi/10.3.1/thumb/v7e-m+fp/hard/crtbegin.o
                0x000000000800916c                PROVIDE (__init_array_end = .)

.fini_array     0x000000000800916c        0x4
                0x000000000800916c                PROVIDE (__fini_array_start = .)
 *(SORT_BY_NAME(.fini_array.*))
 *(.fini_array*)
 .fini_array    0x000000000800916c        0x4 /usr/lib/gcc/arm-none-eabi/10.3.1/thumb/v7e-m+fp/hard/crtbegin.o
                0x0000000008009170                PROVIDE (__fini_array_end = .)
                0x0000000008009170                _sidata = LOADADDR (.data)

.data           0x0000000020000000      0x100 load address 0x0000000008009170
                0x0000000020000000                . = ALIGN (0x4)
                0x0000000020000000                _sdata = .
 *(.data)
 .data          0x0000000020000000       0x64 /usr/lib/gcc/arm-none-eabi/10.3.1/../../../arm-none-eabi/lib/thumb/v7e-m+fp/hard/libc_nano.a(lib_a-impure.o)
                0x0000000020000000                _impure_ptr
 *(.data*)
 .data.coms     0x0000000020000064       0x8c CMakeFiles/Stalin.dir/App/Src/App.c.obj
                0x0000000020000064                coms
 .data.huart    0x00000000200000f0        0x4 CMakeFiles/Stalin.dir/libs/CLI/Src/serial_driver.c.obj
                0x00000000200000f0                huart
 .data.uwTickPrio
                0x00000000200000f4        0x4 CMakeFiles/Stalin.dir/Drivers/STM32F4xx_HAL_Driver/Src/stm32f4xx_hal.c.obj
                0x00000000200000f4                uwTickPrio
 .data.uwTickFreq
                0x00000000200000f8        0x1 CMakeFiles/Stalin.dir/Drivers/STM32F4xx_HAL_Driver/Src/stm32f4xx_hal.c.obj
                0x00000000200000f8                uwTickFreq
 *fill*         0x00000000200000f9        0x3 
 .data.SystemCoreClock
                0x00000000200000fc        0x4 CMakeFiles/Stalin.dir/Core/Src/system_stm32f4xx.c.obj
                0x00000000200000fc                SystemCoreClock
                0x0000000020000100                . = ALIGN (0x4)
                0x0000000020000100                _edata = .

.tm_clone_table
                0x0000000020000100        0x0 load address 0x0000000008009270
 .tm_clone_table
                0x0000000020000100        0x0 /usr/lib/gcc/arm-none-eabi/10.3.1/thumb/v7e-m+fp/hard/crtbegin.o
 .tm_clone_table
                0x0000000020000100        0x0 /usr/lib/gcc/arm-none-eabi/10.3.1/thumb/v7e-m+fp/hard/crtend.o

.igot.plt       0x0000000020000100        0x0 load address 0x0000000008009270
 .igot.plt      0x0000000020000100        0x0 /usr/lib/gcc/arm-none-eabi/10.3.1/thumb/v7e-m+fp/hard/crtbegin.o
                0x0000000020000100                . = ALIGN (0x4)

.bss            0x0000000020000100      0x520 load address 0x0000000008009270
                0x0000000020000100                _sbss = .
                0x0000000020000100                __bss_start__ = _sbss
 *(.bss)
 .bss           0x0000000020000100       0x1c /usr/lib/gcc/arm-none-eabi/10.3.1/thumb/v7e-m+fp/hard/crtbegin.o
 .bss           0x000000002000011c        0x8 /usr/lib/gcc/arm-none-eabi/10.3.1/../../../arm-none-eabi/lib/thumb/v7e-m+fp/hard/libg_nano.a(lib_a-nano-mallocr.o)
                0x000000002000011c                __malloc_free_list
                0x0000000020000120                __malloc_sbrk_start
 .bss           0x0000000020000124        0x4 /usr/lib/gcc/arm-none-eabi/10.3.1/../../../arm-none-eabi/lib/thumb/v7e-m+fp/hard/libg_nano.a(lib_a-reent.o)
                0x0000000020000124                errno
 *(.bss*)
 .bss.Speed     0x0000000020000128       0x10 CMakeFiles/Stalin.dir/App/Src/App.c.obj
                0x0000000020000128                Speed
 .bss.CurSpeedRaw
                0x0000000020000138       0x10 CMakeFiles/Stalin.dir/App/Src/App.c.obj
                0x0000000020000138                CurSpeedRaw
 .bss.OutPid    0x0000000020000148        0x4 CMakeFiles/Stalin.dir/App/Src/App.c.obj
                0x0000000020000148                OutPid
 .bss.data_in   0x000000002000014c        0x1 CMakeFiles/Stalin.dir/App/Src/Interrupt.c.obj
                0x000000002000014c                data_in
 .bss.IntFlag   0x000000002000014d        0x1 CMakeFiles/Stalin.dir/App/Src/Interrupt.c.obj
                0x000000002000014d                IntFlag
 *fill*         0x000000002000014e        0x2 
 .bss.InputLine
                0x0000000020000150      0x100 CMakeFiles/Stalin.dir/libs/CLI/Src/serial_driver.c.obj
                0x0000000020000150                InputLine
 .bss.Comand    0x0000000020000250       0x10 CMakeFiles/Stalin.dir/libs/CLI/Src/serial_driver.c.obj
                0x0000000020000250                Comand
 .bss.Params    0x0000000020000260       0x28 CMakeFiles/Stalin.dir/libs/CLI/Src/serial_driver.c.obj
                0x0000000020000260                Params
 .bss.count.0   0x0000000020000288        0x1 CMakeFiles/Stalin.dir/libs/CLI/Src/serial_driver.c.obj
 *fill*         0x0000000020000289        0x3 
 .bss.Motor     0x000000002000028c       0x70 CMakeFiles/Stalin.dir/libs/Motor/Src/Motor.c.obj
                0x000000002000028c                Motor
 *fill*         0x00000000200002fc        0x4 
 .bss.AS        0x0000000020000300      0x150 CMakeFiles/Stalin.dir/libs/AS5600/Src/AS5600LikeOdometr.c.obj
                0x0000000020000300                AS
 .bss.I2CBuf    0x0000000020000450        0x4 CMakeFiles/Stalin.dir/libs/AS5600/Src/I2C_Processing.c.obj
                0x0000000020000450                I2CBuf
 .bss.NumAs     0x0000000020000454        0x1 CMakeFiles/Stalin.dir/libs/AS5600/Src/I2C_Processing.c.obj
                0x0000000020000454                NumAs
 *fill*         0x0000000020000455        0x3 
 .bss.hi2c1     0x0000000020000458       0x54 CMakeFiles/Stalin.dir/Core/Src/main.c.obj
                0x0000000020000458                hi2c1
 .bss.htim1     0x00000000200004ac       0x48 CMakeFiles/Stalin.dir/Core/Src/main.c.obj
                0x00000000200004ac                htim1
 .bss.huart1    0x00000000200004f4       0x48 CMakeFiles/Stalin.dir/Core/Src/main.c.obj
                0x00000000200004f4                huart1
 .bss.huart2    0x000000002000053c       0x48 CMakeFiles/Stalin.dir/Core/Src/main.c.obj
                0x000000002000053c                huart2
 .bss.Count.0   0x0000000020000584        0x4 CMakeFiles/Stalin.dir/Core/Src/stm32f4xx_it.c.obj
 .bss.uwTick    0x0000000020000588        0x4 CMakeFiles/Stalin.dir/Drivers/STM32F4xx_HAL_Driver/Src/stm32f4xx_hal.c.obj
                0x0000000020000588                uwTick
 .bss.__sbrk_heap_end
                0x000000002000058c        0x4 CMakeFiles/Stalin.dir/Core/Src/sysmem.c.obj
 .bss.Kp        0x0000000020000590        0x4 libs/PID/libPID.a(PID.c.obj)
                0x0000000020000590                Kp
 .bss.Ki        0x0000000020000594        0x4 libs/PID/libPID.a(PID.c.obj)
                0x0000000020000594                Ki
 .bss.Kd        0x0000000020000598        0x4 libs/PID/libPID.a(PID.c.obj)
                0x0000000020000598                Kd
 *fill*         0x000000002000059c        0x4 
 .bss.Last_I    0x00000000200005a0       0x40 libs/PID/libPID.a(PID.c.obj)
                0x00000000200005a0                Last_I
 .bss.Last_e    0x00000000200005e0       0x40 libs/PID/libPID.a(PID.c.obj)
                0x00000000200005e0                Last_e
 *(COMMON)
                0x0000000020000620                . = ALIGN (0x4)
                0x0000000020000620                _ebss = .
                0x0000000020000620                __bss_end__ = _ebss

._user_heap_stack
                0x0000000020000620     0x6000 load address 0x0000000008009270
                0x0000000020000620                . = ALIGN (0x8)
                [!provide]                        PROVIDE (end = .)
                0x0000000020000620                PROVIDE (_end = .)
                0x0000000020002620                . = (. + _Min_Heap_Size)
 *fill*         0x0000000020000620     0x2000 
                0x0000000020006620                . = (. + _Min_Stack_Size)
 *fill*         0x0000000020002620     0x4000 
                0x0000000020006620                . = ALIGN (0x8)

/DISCARD/
 libc.a(*)
 libm.a(*)
 libgcc.a(*)

.ARM.attributes
                0x0000000000000000       0x30
 *(.ARM.attributes)
 .ARM.attributes
                0x0000000000000000       0x1e /usr/lib/gcc/arm-none-eabi/10.3.1/thumb/v7e-m+fp/hard/crti.o
 .ARM.attributes
                0x000000000000001e       0x34 /usr/lib/gcc/arm-none-eabi/10.3.1/thumb/v7e-m+fp/hard/crtbegin.o
 .ARM.attributes
                0x0000000000000052       0x32 /usr/lib/gcc/arm-none-eabi/10.3.1/../../../arm-none-eabi/lib/thumb/v7e-m+fp/hard/libc_nano.a(lib_a-impure.o)
 .ARM.attributes
                0x0000000000000084       0x34 /usr/lib/gcc/arm-none-eabi/10.3.1/../../../arm-none-eabi/lib/thumb/v7e-m+fp/hard/libc_nano.a(lib_a-init.o)
 .ARM.attributes
                0x00000000000000b8       0x34 /usr/lib/gcc/arm-none-eabi/10.3.1/../../../arm-none-eabi/lib/thumb/v7e-m+fp/hard/libc_nano.a(lib_a-memset.o)
 .ARM.attributes
                0x00000000000000ec       0x34 CMakeFiles/Stalin.dir/App/Src/App.c.obj
 .ARM.attributes
                0x0000000000000120       0x34 CMakeFiles/Stalin.dir/App/Src/Interrupt.c.obj
 .ARM.attributes
                0x0000000000000154       0x34 CMakeFiles/Stalin.dir/libs/CLI/Src/comand_processing.c.obj
 .ARM.attributes
                0x0000000000000188       0x34 CMakeFiles/Stalin.dir/libs/CLI/Src/serial_driver.c.obj
 .ARM.attributes
                0x00000000000001bc       0x34 CMakeFiles/Stalin.dir/libs/Motor/Src/Motor.c.obj
 .ARM.attributes
                0x00000000000001f0       0x34 CMakeFiles/Stalin.dir/libs/AS5600/Src/AS5600LikeOdometr.c.obj
 .ARM.attributes
                0x0000000000000224       0x34 CMakeFiles/Stalin.dir/libs/AS5600/Src/I2C_Processing.c.obj
 .ARM.attributes
                0x0000000000000258       0x34 CMakeFiles/Stalin.dir/Core/Src/main.c.obj
 .ARM.attributes
                0x000000000000028c       0x34 CMakeFiles/Stalin.dir/Core/Src/stm32f4xx_it.c.obj
 .ARM.attributes
                0x00000000000002c0       0x34 CMakeFiles/Stalin.dir/Core/Src/stm32f4xx_hal_msp.c.obj
 .ARM.attributes
                0x00000000000002f4       0x34 CMakeFiles/Stalin.dir/Drivers/STM32F4xx_HAL_Driver/Src/stm32f4xx_hal_i2c.c.obj
 .ARM.attributes
                0x0000000000000328       0x34 CMakeFiles/Stalin.dir/Drivers/STM32F4xx_HAL_Driver/Src/stm32f4xx_hal_rcc.c.obj
 .ARM.attributes
                0x000000000000035c       0x34 CMakeFiles/Stalin.dir/Drivers/STM32F4xx_HAL_Driver/Src/stm32f4xx_hal_gpio.c.obj
 .ARM.attributes
                0x0000000000000390       0x34 CMakeFiles/Stalin.dir/Drivers/STM32F4xx_HAL_Driver/Src/stm32f4xx_hal_dma.c.obj
 .ARM.attributes
                0x00000000000003c4       0x34 CMakeFiles/Stalin.dir/Drivers/STM32F4xx_HAL_Driver/Src/stm32f4xx_hal_cortex.c.obj
 .ARM.attributes
                0x00000000000003f8       0x34 CMakeFiles/Stalin.dir/Drivers/STM32F4xx_HAL_Driver/Src/stm32f4xx_hal.c.obj
 .ARM.attributes
                0x000000000000042c       0x34 CMakeFiles/Stalin.dir/Drivers/STM32F4xx_HAL_Driver/Src/stm32f4xx_hal_tim.c.obj
 .ARM.attributes
                0x0000000000000460       0x34 CMakeFiles/Stalin.dir/Drivers/STM32F4xx_HAL_Driver/Src/stm32f4xx_hal_tim_ex.c.obj
 .ARM.attributes
                0x0000000000000494       0x34 CMakeFiles/Stalin.dir/Drivers/STM32F4xx_HAL_Driver/Src/stm32f4xx_hal_uart.c.obj
 .ARM.attributes
                0x00000000000004c8       0x34 CMakeFiles/Stalin.dir/Core/Src/system_stm32f4xx.c.obj
 .ARM.attributes
                0x00000000000004fc       0x34 CMakeFiles/Stalin.dir/Core/Src/sysmem.c.obj
 .ARM.attributes
                0x0000000000000530       0x21 CMakeFiles/Stalin.dir/startup_stm32f411xe.s.obj
 .ARM.attributes
                0x0000000000000551       0x34 libs/PID/libPID.a(PID.c.obj)
 .ARM.attributes
                0x0000000000000585       0x1e /usr/lib/gcc/arm-none-eabi/10.3.1/thumb/v7e-m+fp/hard/libgcc.a(_arm_muldf3.o)
 .ARM.attributes
                0x00000000000005a3       0x1e /usr/lib/gcc/arm-none-eabi/10.3.1/thumb/v7e-m+fp/hard/libgcc.a(_arm_addsubdf3.o)
 .ARM.attributes
                0x00000000000005c1       0x1e /usr/lib/gcc/arm-none-eabi/10.3.1/thumb/v7e-m+fp/hard/libgcc.a(_arm_truncdfsf2.o)
 .ARM.attributes
                0x00000000000005df       0x1e /usr/lib/gcc/arm-none-eabi/10.3.1/thumb/v7e-m+fp/hard/libgcc.a(_aeabi_uldivmod.o)
 .ARM.attributes
                0x00000000000005fd       0x34 /usr/lib/gcc/arm-none-eabi/10.3.1/thumb/v7e-m+fp/hard/libgcc.a(_udivmoddi4.o)
 .ARM.attributes
                0x0000000000000631       0x1e /usr/lib/gcc/arm-none-eabi/10.3.1/thumb/v7e-m+fp/hard/libgcc.a(_dvmd_tls.o)
 .ARM.attributes
                0x000000000000064f       0x34 /usr/lib/gcc/arm-none-eabi/10.3.1/../../../arm-none-eabi/lib/thumb/v7e-m+fp/hard/libg_nano.a(lib_a-errno.o)
 .ARM.attributes
                0x0000000000000683       0x34 /usr/lib/gcc/arm-none-eabi/10.3.1/../../../arm-none-eabi/lib/thumb/v7e-m+fp/hard/libg_nano.a(lib_a-sprintf.o)
 .ARM.attributes
                0x00000000000006b7       0x34 /usr/lib/gcc/arm-none-eabi/10.3.1/../../../arm-none-eabi/lib/thumb/v7e-m+fp/hard/libg_nano.a(lib_a-nano-svfprintf.o)
 .ARM.attributes
                0x00000000000006eb       0x34 /usr/lib/gcc/arm-none-eabi/10.3.1/../../../arm-none-eabi/lib/thumb/v7e-m+fp/hard/libg_nano.a(lib_a-nano-vfprintf_i.o)
 .ARM.attributes
                0x000000000000071f       0x1c /usr/lib/gcc/arm-none-eabi/10.3.1/../../../arm-none-eabi/lib/thumb/v7e-m+fp/hard/libg_nano.a(lib_a-memchr.o)
 .ARM.attributes
                0x000000000000073b       0x1c /usr/lib/gcc/arm-none-eabi/10.3.1/../../../arm-none-eabi/lib/thumb/v7e-m+fp/hard/libg_nano.a(lib_a-memcpy.o)
 .ARM.attributes
                0x0000000000000757       0x34 /usr/lib/gcc/arm-none-eabi/10.3.1/../../../arm-none-eabi/lib/thumb/v7e-m+fp/hard/libg_nano.a(lib_a-memmove.o)
 .ARM.attributes
                0x000000000000078b       0x34 /usr/lib/gcc/arm-none-eabi/10.3.1/../../../arm-none-eabi/lib/thumb/v7e-m+fp/hard/libg_nano.a(lib_a-nano-freer.o)
 .ARM.attributes
                0x00000000000007bf       0x34 /usr/lib/gcc/arm-none-eabi/10.3.1/../../../arm-none-eabi/lib/thumb/v7e-m+fp/hard/libg_nano.a(lib_a-nano-mallocr.o)
 .ARM.attributes
                0x00000000000007f3       0x34 /usr/lib/gcc/arm-none-eabi/10.3.1/../../../arm-none-eabi/lib/thumb/v7e-m+fp/hard/libg_nano.a(lib_a-nano-reallocr.o)
 .ARM.attributes
                0x0000000000000827       0x34 /usr/lib/gcc/arm-none-eabi/10.3.1/../../../arm-none-eabi/lib/thumb/v7e-m+fp/hard/libg_nano.a(lib_a-sbrkr.o)
 .ARM.attributes
                0x000000000000085b       0x34 /usr/lib/gcc/arm-none-eabi/10.3.1/../../../arm-none-eabi/lib/thumb/v7e-m+fp/hard/libg_nano.a(lib_a-mlock.o)
 .ARM.attributes
                0x000000000000088f       0x34 /usr/lib/gcc/arm-none-eabi/10.3.1/../../../arm-none-eabi/lib/thumb/v7e-m+fp/hard/libg_nano.a(lib_a-nano-msizer.o)
 .ARM.attributes
                0x00000000000008c3       0x34 /usr/lib/gcc/arm-none-eabi/10.3.1/../../../arm-none-eabi/lib/thumb/v7e-m+fp/hard/libg_nano.a(lib_a-reent.o)
 .ARM.attributes
                0x00000000000008f7       0x32 /usr/lib/gcc/arm-none-eabi/10.3.1/thumb/v7e-m+fp/hard/crtend.o
 .ARM.attributes
                0x0000000000000929       0x1e /usr/lib/gcc/arm-none-eabi/10.3.1/thumb/v7e-m+fp/hard/crtn.o
OUTPUT(Stalin.elf elf32-littlearm)
LOAD linker stubs
LOAD /usr/lib/gcc/arm-none-eabi/10.3.1/../../../arm-none-eabi/lib/thumb/v7e-m+fp/hard/libc.a
LOAD /usr/lib/gcc/arm-none-eabi/10.3.1/../../../arm-none-eabi/lib/thumb/v7e-m+fp/hard/libm.a
LOAD /usr/lib/gcc/arm-none-eabi/10.3.1/thumb/v7e-m+fp/hard/libgcc.a

.comment        0x0000000000000000       0x33
 .comment       0x0000000000000000       0x33 /usr/lib/gcc/arm-none-eabi/10.3.1/thumb/v7e-m+fp/hard/crtbegin.o
                                         0x34 (size before relaxing)
 .comment       0x0000000000000033       0x34 /usr/lib/gcc/arm-none-eabi/10.3.1/../../../arm-none-eabi/lib/thumb/v7e-m+fp/hard/libc_nano.a(lib_a-impure.o)
 .comment       0x0000000000000033       0x34 /usr/lib/gcc/arm-none-eabi/10.3.1/../../../arm-none-eabi/lib/thumb/v7e-m+fp/hard/libc_nano.a(lib_a-init.o)
 .comment       0x0000000000000033       0x34 /usr/lib/gcc/arm-none-eabi/10.3.1/../../../arm-none-eabi/lib/thumb/v7e-m+fp/hard/libc_nano.a(lib_a-memset.o)
 .comment       0x0000000000000033       0x34 CMakeFiles/Stalin.dir/App/Src/App.c.obj
 .comment       0x0000000000000033       0x34 CMakeFiles/Stalin.dir/App/Src/Interrupt.c.obj
 .comment       0x0000000000000033       0x34 CMakeFiles/Stalin.dir/libs/CLI/Src/comand_processing.c.obj
 .comment       0x0000000000000033       0x34 CMakeFiles/Stalin.dir/libs/CLI/Src/serial_driver.c.obj
 .comment       0x0000000000000033       0x34 CMakeFiles/Stalin.dir/libs/Motor/Src/Motor.c.obj
 .comment       0x0000000000000033       0x34 CMakeFiles/Stalin.dir/libs/AS5600/Src/AS5600LikeOdometr.c.obj
 .comment       0x0000000000000033       0x34 CMakeFiles/Stalin.dir/libs/AS5600/Src/I2C_Processing.c.obj
 .comment       0x0000000000000033       0x34 CMakeFiles/Stalin.dir/Core/Src/main.c.obj
 .comment       0x0000000000000033       0x34 CMakeFiles/Stalin.dir/Core/Src/stm32f4xx_it.c.obj
 .comment       0x0000000000000033       0x34 CMakeFiles/Stalin.dir/Core/Src/stm32f4xx_hal_msp.c.obj
 .comment       0x0000000000000033       0x34 CMakeFiles/Stalin.dir/Drivers/STM32F4xx_HAL_Driver/Src/stm32f4xx_hal_i2c.c.obj
 .comment       0x0000000000000033       0x34 CMakeFiles/Stalin.dir/Drivers/STM32F4xx_HAL_Driver/Src/stm32f4xx_hal_rcc.c.obj
 .comment       0x0000000000000033       0x34 CMakeFiles/Stalin.dir/Drivers/STM32F4xx_HAL_Driver/Src/stm32f4xx_hal_gpio.c.obj
 .comment       0x0000000000000033       0x34 CMakeFiles/Stalin.dir/Drivers/STM32F4xx_HAL_Driver/Src/stm32f4xx_hal_dma.c.obj
 .comment       0x0000000000000033       0x34 CMakeFiles/Stalin.dir/Drivers/STM32F4xx_HAL_Driver/Src/stm32f4xx_hal_cortex.c.obj
 .comment       0x0000000000000033       0x34 CMakeFiles/Stalin.dir/Drivers/STM32F4xx_HAL_Driver/Src/stm32f4xx_hal.c.obj
 .comment       0x0000000000000033       0x34 CMakeFiles/Stalin.dir/Drivers/STM32F4xx_HAL_Driver/Src/stm32f4xx_hal_tim.c.obj
 .comment       0x0000000000000033       0x34 CMakeFiles/Stalin.dir/Drivers/STM32F4xx_HAL_Driver/Src/stm32f4xx_hal_tim_ex.c.obj
 .comment       0x0000000000000033       0x34 CMakeFiles/Stalin.dir/Drivers/STM32F4xx_HAL_Driver/Src/stm32f4xx_hal_uart.c.obj
 .comment       0x0000000000000033       0x34 CMakeFiles/Stalin.dir/Core/Src/system_stm32f4xx.c.obj
 .comment       0x0000000000000033       0x34 CMakeFiles/Stalin.dir/Core/Src/sysmem.c.obj
 .comment       0x0000000000000033       0x34 libs/PID/libPID.a(PID.c.obj)
 .comment       0x0000000000000033       0x34 /usr/lib/gcc/arm-none-eabi/10.3.1/thumb/v7e-m+fp/hard/libgcc.a(_udivmoddi4.o)
 .comment       0x0000000000000033       0x34 /usr/lib/gcc/arm-none-eabi/10.3.1/../../../arm-none-eabi/lib/thumb/v7e-m+fp/hard/libg_nano.a(lib_a-errno.o)
 .comment       0x0000000000000033       0x34 /usr/lib/gcc/arm-none-eabi/10.3.1/../../../arm-none-eabi/lib/thumb/v7e-m+fp/hard/libg_nano.a(lib_a-sprintf.o)
 .comment       0x0000000000000033       0x34 /usr/lib/gcc/arm-none-eabi/10.3.1/../../../arm-none-eabi/lib/thumb/v7e-m+fp/hard/libg_nano.a(lib_a-nano-svfprintf.o)
 .comment       0x0000000000000033       0x34 /usr/lib/gcc/arm-none-eabi/10.3.1/../../../arm-none-eabi/lib/thumb/v7e-m+fp/hard/libg_nano.a(lib_a-nano-vfprintf_i.o)
 .comment       0x0000000000000033       0x34 /usr/lib/gcc/arm-none-eabi/10.3.1/../../../arm-none-eabi/lib/thumb/v7e-m+fp/hard/libg_nano.a(lib_a-memmove.o)
 .comment       0x0000000000000033       0x34 /usr/lib/gcc/arm-none-eabi/10.3.1/../../../arm-none-eabi/lib/thumb/v7e-m+fp/hard/libg_nano.a(lib_a-nano-freer.o)
 .comment       0x0000000000000033       0x34 /usr/lib/gcc/arm-none-eabi/10.3.1/../../../arm-none-eabi/lib/thumb/v7e-m+fp/hard/libg_nano.a(lib_a-nano-mallocr.o)
 .comment       0x0000000000000033       0x34 /usr/lib/gcc/arm-none-eabi/10.3.1/../../../arm-none-eabi/lib/thumb/v7e-m+fp/hard/libg_nano.a(lib_a-nano-reallocr.o)
 .comment       0x0000000000000033       0x34 /usr/lib/gcc/arm-none-eabi/10.3.1/../../../arm-none-eabi/lib/thumb/v7e-m+fp/hard/libg_nano.a(lib_a-sbrkr.o)
 .comment       0x0000000000000033       0x34 /usr/lib/gcc/arm-none-eabi/10.3.1/../../../arm-none-eabi/lib/thumb/v7e-m+fp/hard/libg_nano.a(lib_a-mlock.o)
 .comment       0x0000000000000033       0x34 /usr/lib/gcc/arm-none-eabi/10.3.1/../../../arm-none-eabi/lib/thumb/v7e-m+fp/hard/libg_nano.a(lib_a-nano-msizer.o)
 .comment       0x0000000000000033       0x34 /usr/lib/gcc/arm-none-eabi/10.3.1/../../../arm-none-eabi/lib/thumb/v7e-m+fp/hard/libg_nano.a(lib_a-reent.o)
 .comment       0x0000000000000033       0x34 /usr/lib/gcc/arm-none-eabi/10.3.1/thumb/v7e-m+fp/hard/crtend.o

.debug_info     0x0000000000000000    0x1bbce
 .debug_info    0x0000000000000000      0x863 /usr/lib/gcc/arm-none-eabi/10.3.1/../../../arm-none-eabi/lib/thumb/v7e-m+fp/hard/libc_nano.a(lib_a-impure.o)
 .debug_info    0x0000000000000863      0x11a /usr/lib/gcc/arm-none-eabi/10.3.1/../../../arm-none-eabi/lib/thumb/v7e-m+fp/hard/libc_nano.a(lib_a-init.o)
 .debug_info    0x000000000000097d      0x137 /usr/lib/gcc/arm-none-eabi/10.3.1/../../../arm-none-eabi/lib/thumb/v7e-m+fp/hard/libc_nano.a(lib_a-memset.o)
 .debug_info    0x0000000000000ab4      0xc81 CMakeFiles/Stalin.dir/App/Src/App.c.obj
 .debug_info    0x0000000000001735      0x907 CMakeFiles/Stalin.dir/App/Src/Interrupt.c.obj
 .debug_info    0x000000000000203c      0x1f0 CMakeFiles/Stalin.dir/libs/CLI/Src/comand_processing.c.obj
 .debug_info    0x000000000000222c      0x834 CMakeFiles/Stalin.dir/libs/CLI/Src/serial_driver.c.obj
 .debug_info    0x0000000000002a60      0xb28 CMakeFiles/Stalin.dir/libs/Motor/Src/Motor.c.obj
 .debug_info    0x0000000000003588      0x7be CMakeFiles/Stalin.dir/libs/AS5600/Src/AS5600LikeOdometr.c.obj
 .debug_info    0x0000000000003d46      0x774 CMakeFiles/Stalin.dir/libs/AS5600/Src/I2C_Processing.c.obj
 .debug_info    0x00000000000044ba     0x1340 CMakeFiles/Stalin.dir/Core/Src/main.c.obj
 .debug_info    0x00000000000057fa      0xa07 CMakeFiles/Stalin.dir/Core/Src/stm32f4xx_it.c.obj
 .debug_info    0x0000000000006201     0x126a CMakeFiles/Stalin.dir/Core/Src/stm32f4xx_hal_msp.c.obj
 .debug_info    0x000000000000746b     0x259f CMakeFiles/Stalin.dir/Drivers/STM32F4xx_HAL_Driver/Src/stm32f4xx_hal_i2c.c.obj
 .debug_info    0x0000000000009a0a      0x918 CMakeFiles/Stalin.dir/Drivers/STM32F4xx_HAL_Driver/Src/stm32f4xx_hal_rcc.c.obj
 .debug_info    0x000000000000a322      0x76a CMakeFiles/Stalin.dir/Drivers/STM32F4xx_HAL_Driver/Src/stm32f4xx_hal_gpio.c.obj
 .debug_info    0x000000000000aa8c      0x923 CMakeFiles/Stalin.dir/Drivers/STM32F4xx_HAL_Driver/Src/stm32f4xx_hal_dma.c.obj
 .debug_info    0x000000000000b3af      0xdaf CMakeFiles/Stalin.dir/Drivers/STM32F4xx_HAL_Driver/Src/stm32f4xx_hal_cortex.c.obj
 .debug_info    0x000000000000c15e      0x8ae CMakeFiles/Stalin.dir/Drivers/STM32F4xx_HAL_Driver/Src/stm32f4xx_hal.c.obj
 .debug_info    0x000000000000ca0c     0x2b6e CMakeFiles/Stalin.dir/Drivers/STM32F4xx_HAL_Driver/Src/stm32f4xx_hal_tim.c.obj
 .debug_info    0x000000000000f57a     0x14bb CMakeFiles/Stalin.dir/Drivers/STM32F4xx_HAL_Driver/Src/stm32f4xx_hal_tim_ex.c.obj
 .debug_info    0x0000000000010a35     0x3088 CMakeFiles/Stalin.dir/Drivers/STM32F4xx_HAL_Driver/Src/stm32f4xx_hal_uart.c.obj
 .debug_info    0x0000000000013abd      0x537 CMakeFiles/Stalin.dir/Core/Src/system_stm32f4xx.c.obj
 .debug_info    0x0000000000013ff4      0x147 CMakeFiles/Stalin.dir/Core/Src/sysmem.c.obj
 .debug_info    0x000000000001413b       0x22 CMakeFiles/Stalin.dir/startup_stm32f411xe.s.obj
 .debug_info    0x000000000001415d      0x1d5 libs/PID/libPID.a(PID.c.obj)
 .debug_info    0x0000000000014332       0x26 /usr/lib/gcc/arm-none-eabi/10.3.1/thumb/v7e-m+fp/hard/libgcc.a(_arm_muldf3.o)
 .debug_info    0x0000000000014358       0x26 /usr/lib/gcc/arm-none-eabi/10.3.1/thumb/v7e-m+fp/hard/libgcc.a(_arm_addsubdf3.o)
 .debug_info    0x000000000001437e       0x26 /usr/lib/gcc/arm-none-eabi/10.3.1/thumb/v7e-m+fp/hard/libgcc.a(_arm_truncdfsf2.o)
 .debug_info    0x00000000000143a4       0x26 /usr/lib/gcc/arm-none-eabi/10.3.1/thumb/v7e-m+fp/hard/libgcc.a(_aeabi_uldivmod.o)
 .debug_info    0x00000000000143ca      0x717 /usr/lib/gcc/arm-none-eabi/10.3.1/thumb/v7e-m+fp/hard/libgcc.a(_udivmoddi4.o)
 .debug_info    0x0000000000014ae1       0x26 /usr/lib/gcc/arm-none-eabi/10.3.1/thumb/v7e-m+fp/hard/libgcc.a(_dvmd_tls.o)
 .debug_info    0x0000000000014b07      0x7ae /usr/lib/gcc/arm-none-eabi/10.3.1/../../../arm-none-eabi/lib/thumb/v7e-m+fp/hard/libg_nano.a(lib_a-errno.o)
 .debug_info    0x00000000000152b5      0x926 /usr/lib/gcc/arm-none-eabi/10.3.1/../../../arm-none-eabi/lib/thumb/v7e-m+fp/hard/libg_nano.a(lib_a-sprintf.o)
 .debug_info    0x0000000000015bdb     0x10d5 /usr/lib/gcc/arm-none-eabi/10.3.1/../../../arm-none-eabi/lib/thumb/v7e-m+fp/hard/libg_nano.a(lib_a-nano-svfprintf.o)
 .debug_info    0x0000000000016cb0      0xe9e /usr/lib/gcc/arm-none-eabi/10.3.1/../../../arm-none-eabi/lib/thumb/v7e-m+fp/hard/libg_nano.a(lib_a-nano-vfprintf_i.o)
 .debug_info    0x0000000000017b4e       0x26 /usr/lib/gcc/arm-none-eabi/10.3.1/../../../arm-none-eabi/lib/thumb/v7e-m+fp/hard/libg_nano.a(lib_a-memchr.o)
 .debug_info    0x0000000000017b74       0x26 /usr/lib/gcc/arm-none-eabi/10.3.1/../../../arm-none-eabi/lib/thumb/v7e-m+fp/hard/libg_nano.a(lib_a-memcpy.o)
 .debug_info    0x0000000000017b9a      0x152 /usr/lib/gcc/arm-none-eabi/10.3.1/../../../arm-none-eabi/lib/thumb/v7e-m+fp/hard/libg_nano.a(lib_a-memmove.o)
 .debug_info    0x0000000000017cec      0x903 /usr/lib/gcc/arm-none-eabi/10.3.1/../../../arm-none-eabi/lib/thumb/v7e-m+fp/hard/libg_nano.a(lib_a-nano-freer.o)
 .debug_info    0x00000000000185ef      0xa0c /usr/lib/gcc/arm-none-eabi/10.3.1/../../../arm-none-eabi/lib/thumb/v7e-m+fp/hard/libg_nano.a(lib_a-nano-mallocr.o)
 .debug_info    0x0000000000018ffb      0x911 /usr/lib/gcc/arm-none-eabi/10.3.1/../../../arm-none-eabi/lib/thumb/v7e-m+fp/hard/libg_nano.a(lib_a-nano-reallocr.o)
 .debug_info    0x000000000001990c      0x828 /usr/lib/gcc/arm-none-eabi/10.3.1/../../../arm-none-eabi/lib/thumb/v7e-m+fp/hard/libg_nano.a(lib_a-sbrkr.o)
 .debug_info    0x000000000001a134      0x7dc /usr/lib/gcc/arm-none-eabi/10.3.1/../../../arm-none-eabi/lib/thumb/v7e-m+fp/hard/libg_nano.a(lib_a-mlock.o)
 .debug_info    0x000000000001a910      0x840 /usr/lib/gcc/arm-none-eabi/10.3.1/../../../arm-none-eabi/lib/thumb/v7e-m+fp/hard/libg_nano.a(lib_a-nano-msizer.o)
 .debug_info    0x000000000001b150      0xa7e /usr/lib/gcc/arm-none-eabi/10.3.1/../../../arm-none-eabi/lib/thumb/v7e-m+fp/hard/libg_nano.a(lib_a-reent.o)

.debug_abbrev   0x0000000000000000     0x468b
 .debug_abbrev  0x0000000000000000      0x151 /usr/lib/gcc/arm-none-eabi/10.3.1/../../../arm-none-eabi/lib/thumb/v7e-m+fp/hard/libc_nano.a(lib_a-impure.o)
 .debug_abbrev  0x0000000000000151       0xcc /usr/lib/gcc/arm-none-eabi/10.3.1/../../../arm-none-eabi/lib/thumb/v7e-m+fp/hard/libc_nano.a(lib_a-init.o)
 .debug_abbrev  0x000000000000021d       0xb4 /usr/lib/gcc/arm-none-eabi/10.3.1/../../../arm-none-eabi/lib/thumb/v7e-m+fp/hard/libc_nano.a(lib_a-memset.o)
 .debug_abbrev  0x00000000000002d1      0x26c CMakeFiles/Stalin.dir/App/Src/App.c.obj
 .debug_abbrev  0x000000000000053d      0x1a3 CMakeFiles/Stalin.dir/App/Src/Interrupt.c.obj
 .debug_abbrev  0x00000000000006e0      0x14c CMakeFiles/Stalin.dir/libs/CLI/Src/comand_processing.c.obj
 .debug_abbrev  0x000000000000082c      0x215 CMakeFiles/Stalin.dir/libs/CLI/Src/serial_driver.c.obj
 .debug_abbrev  0x0000000000000a41      0x235 CMakeFiles/Stalin.dir/libs/Motor/Src/Motor.c.obj
 .debug_abbrev  0x0000000000000c76      0x191 CMakeFiles/Stalin.dir/libs/AS5600/Src/AS5600LikeOdometr.c.obj
 .debug_abbrev  0x0000000000000e07      0x1a0 CMakeFiles/Stalin.dir/libs/AS5600/Src/I2C_Processing.c.obj
 .debug_abbrev  0x0000000000000fa7      0x250 CMakeFiles/Stalin.dir/Core/Src/main.c.obj
 .debug_abbrev  0x00000000000011f7      0x1a8 CMakeFiles/Stalin.dir/Core/Src/stm32f4xx_it.c.obj
 .debug_abbrev  0x000000000000139f      0x1fc CMakeFiles/Stalin.dir/Core/Src/stm32f4xx_hal_msp.c.obj
 .debug_abbrev  0x000000000000159b      0x267 CMakeFiles/Stalin.dir/Drivers/STM32F4xx_HAL_Driver/Src/stm32f4xx_hal_i2c.c.obj
 .debug_abbrev  0x0000000000001802      0x262 CMakeFiles/Stalin.dir/Drivers/STM32F4xx_HAL_Driver/Src/stm32f4xx_hal_rcc.c.obj
 .debug_abbrev  0x0000000000001a64      0x1c4 CMakeFiles/Stalin.dir/Drivers/STM32F4xx_HAL_Driver/Src/stm32f4xx_hal_gpio.c.obj
 .debug_abbrev  0x0000000000001c28      0x206 CMakeFiles/Stalin.dir/Drivers/STM32F4xx_HAL_Driver/Src/stm32f4xx_hal_dma.c.obj
 .debug_abbrev  0x0000000000001e2e      0x30d CMakeFiles/Stalin.dir/Drivers/STM32F4xx_HAL_Driver/Src/stm32f4xx_hal_cortex.c.obj
 .debug_abbrev  0x000000000000213b      0x20b CMakeFiles/Stalin.dir/Drivers/STM32F4xx_HAL_Driver/Src/stm32f4xx_hal.c.obj
 .debug_abbrev  0x0000000000002346      0x249 CMakeFiles/Stalin.dir/Drivers/STM32F4xx_HAL_Driver/Src/stm32f4xx_hal_tim.c.obj
 .debug_abbrev  0x000000000000258f      0x251 CMakeFiles/Stalin.dir/Drivers/STM32F4xx_HAL_Driver/Src/stm32f4xx_hal_tim_ex.c.obj
 .debug_abbrev  0x00000000000027e0      0x2c4 CMakeFiles/Stalin.dir/Drivers/STM32F4xx_HAL_Driver/Src/stm32f4xx_hal_uart.c.obj
 .debug_abbrev  0x0000000000002aa4      0x116 CMakeFiles/Stalin.dir/Core/Src/system_stm32f4xx.c.obj
 .debug_abbrev  0x0000000000002bba       0xa6 CMakeFiles/Stalin.dir/Core/Src/sysmem.c.obj
 .debug_abbrev  0x0000000000002c60       0x12 CMakeFiles/Stalin.dir/startup_stm32f411xe.s.obj
 .debug_abbrev  0x0000000000002c72       0xea libs/PID/libPID.a(PID.c.obj)
 .debug_abbrev  0x0000000000002d5c       0x14 /usr/lib/gcc/arm-none-eabi/10.3.1/thumb/v7e-m+fp/hard/libgcc.a(_arm_muldf3.o)
 .debug_abbrev  0x0000000000002d70       0x14 /usr/lib/gcc/arm-none-eabi/10.3.1/thumb/v7e-m+fp/hard/libgcc.a(_arm_addsubdf3.o)
 .debug_abbrev  0x0000000000002d84       0x14 /usr/lib/gcc/arm-none-eabi/10.3.1/thumb/v7e-m+fp/hard/libgcc.a(_arm_truncdfsf2.o)
 .debug_abbrev  0x0000000000002d98       0x14 /usr/lib/gcc/arm-none-eabi/10.3.1/thumb/v7e-m+fp/hard/libgcc.a(_aeabi_uldivmod.o)
 .debug_abbrev  0x0000000000002dac      0x163 /usr/lib/gcc/arm-none-eabi/10.3.1/thumb/v7e-m+fp/hard/libgcc.a(_udivmoddi4.o)
 .debug_abbrev  0x0000000000002f0f       0x14 /usr/lib/gcc/arm-none-eabi/10.3.1/thumb/v7e-m+fp/hard/libgcc.a(_dvmd_tls.o)
 .debug_abbrev  0x0000000000002f23      0x157 /usr/lib/gcc/arm-none-eabi/10.3.1/../../../arm-none-eabi/lib/thumb/v7e-m+fp/hard/libg_nano.a(lib_a-errno.o)
 .debug_abbrev  0x000000000000307a      0x213 /usr/lib/gcc/arm-none-eabi/10.3.1/../../../arm-none-eabi/lib/thumb/v7e-m+fp/hard/libg_nano.a(lib_a-sprintf.o)
 .debug_abbrev  0x000000000000328d      0x2ca /usr/lib/gcc/arm-none-eabi/10.3.1/../../../arm-none-eabi/lib/thumb/v7e-m+fp/hard/libg_nano.a(lib_a-nano-svfprintf.o)
 .debug_abbrev  0x0000000000003557      0x25c /usr/lib/gcc/arm-none-eabi/10.3.1/../../../arm-none-eabi/lib/thumb/v7e-m+fp/hard/libg_nano.a(lib_a-nano-vfprintf_i.o)
 .debug_abbrev  0x00000000000037b3       0x14 /usr/lib/gcc/arm-none-eabi/10.3.1/../../../arm-none-eabi/lib/thumb/v7e-m+fp/hard/libg_nano.a(lib_a-memchr.o)
 .debug_abbrev  0x00000000000037c7       0x14 /usr/lib/gcc/arm-none-eabi/10.3.1/../../../arm-none-eabi/lib/thumb/v7e-m+fp/hard/libg_nano.a(lib_a-memcpy.o)
 .debug_abbrev  0x00000000000037db       0xc0 /usr/lib/gcc/arm-none-eabi/10.3.1/../../../arm-none-eabi/lib/thumb/v7e-m+fp/hard/libg_nano.a(lib_a-memmove.o)
 .debug_abbrev  0x000000000000389b      0x235 /usr/lib/gcc/arm-none-eabi/10.3.1/../../../arm-none-eabi/lib/thumb/v7e-m+fp/hard/libg_nano.a(lib_a-nano-freer.o)
 .debug_abbrev  0x0000000000003ad0      0x290 /usr/lib/gcc/arm-none-eabi/10.3.1/../../../arm-none-eabi/lib/thumb/v7e-m+fp/hard/libg_nano.a(lib_a-nano-mallocr.o)
 .debug_abbrev  0x0000000000003d60      0x1d6 /usr/lib/gcc/arm-none-eabi/10.3.1/../../../arm-none-eabi/lib/thumb/v7e-m+fp/hard/libg_nano.a(lib_a-nano-reallocr.o)
 .debug_abbrev  0x0000000000003f36      0x1d6 /usr/lib/gcc/arm-none-eabi/10.3.1/../../../arm-none-eabi/lib/thumb/v7e-m+fp/hard/libg_nano.a(lib_a-sbrkr.o)
 .debug_abbrev  0x000000000000410c      0x189 /usr/lib/gcc/arm-none-eabi/10.3.1/../../../arm-none-eabi/lib/thumb/v7e-m+fp/hard/libg_nano.a(lib_a-mlock.o)
 .debug_abbrev  0x0000000000004295      0x191 /usr/lib/gcc/arm-none-eabi/10.3.1/../../../arm-none-eabi/lib/thumb/v7e-m+fp/hard/libg_nano.a(lib_a-nano-msizer.o)
 .debug_abbrev  0x0000000000004426      0x265 /usr/lib/gcc/arm-none-eabi/10.3.1/../../../arm-none-eabi/lib/thumb/v7e-m+fp/hard/libg_nano.a(lib_a-reent.o)

.debug_aranges  0x0000000000000000     0x1398
 .debug_aranges
                0x0000000000000000       0x18 /usr/lib/gcc/arm-none-eabi/10.3.1/../../../arm-none-eabi/lib/thumb/v7e-m+fp/hard/libc_nano.a(lib_a-impure.o)
 .debug_aranges
                0x0000000000000018       0x20 /usr/lib/gcc/arm-none-eabi/10.3.1/../../../arm-none-eabi/lib/thumb/v7e-m+fp/hard/libc_nano.a(lib_a-init.o)
 .debug_aranges
                0x0000000000000038       0x20 /usr/lib/gcc/arm-none-eabi/10.3.1/../../../arm-none-eabi/lib/thumb/v7e-m+fp/hard/libc_nano.a(lib_a-memset.o)
 .debug_aranges
                0x0000000000000058       0x60 CMakeFiles/Stalin.dir/App/Src/App.c.obj
 .debug_aranges
                0x00000000000000b8       0x28 CMakeFiles/Stalin.dir/App/Src/Interrupt.c.obj
 .debug_aranges
                0x00000000000000e0       0x28 CMakeFiles/Stalin.dir/libs/CLI/Src/comand_processing.c.obj
 .debug_aranges
                0x0000000000000108       0x40 CMakeFiles/Stalin.dir/libs/CLI/Src/serial_driver.c.obj
 .debug_aranges
                0x0000000000000148       0x38 CMakeFiles/Stalin.dir/libs/Motor/Src/Motor.c.obj
 .debug_aranges
                0x0000000000000180       0x28 CMakeFiles/Stalin.dir/libs/AS5600/Src/AS5600LikeOdometr.c.obj
 .debug_aranges
                0x00000000000001a8       0x30 CMakeFiles/Stalin.dir/libs/AS5600/Src/I2C_Processing.c.obj
 .debug_aranges
                0x00000000000001d8       0x58 CMakeFiles/Stalin.dir/Core/Src/main.c.obj
 .debug_aranges
                0x0000000000000230       0x80 CMakeFiles/Stalin.dir/Core/Src/stm32f4xx_it.c.obj
 .debug_aranges
                0x00000000000002b0       0x58 CMakeFiles/Stalin.dir/Core/Src/stm32f4xx_hal_msp.c.obj
 .debug_aranges
                0x0000000000000308      0x2a8 CMakeFiles/Stalin.dir/Drivers/STM32F4xx_HAL_Driver/Src/stm32f4xx_hal_i2c.c.obj
 .debug_aranges
                0x00000000000005b0       0x88 CMakeFiles/Stalin.dir/Drivers/STM32F4xx_HAL_Driver/Src/stm32f4xx_hal_rcc.c.obj
 .debug_aranges
                0x0000000000000638       0x58 CMakeFiles/Stalin.dir/Drivers/STM32F4xx_HAL_Driver/Src/stm32f4xx_hal_gpio.c.obj
 .debug_aranges
                0x0000000000000690       0x90 CMakeFiles/Stalin.dir/Drivers/STM32F4xx_HAL_Driver/Src/stm32f4xx_hal_dma.c.obj
 .debug_aranges
                0x0000000000000720      0x130 CMakeFiles/Stalin.dir/Drivers/STM32F4xx_HAL_Driver/Src/stm32f4xx_hal_cortex.c.obj
 .debug_aranges
                0x0000000000000850       0xf0 CMakeFiles/Stalin.dir/Drivers/STM32F4xx_HAL_Driver/Src/stm32f4xx_hal.c.obj
 .debug_aranges
                0x0000000000000940      0x3d0 CMakeFiles/Stalin.dir/Drivers/STM32F4xx_HAL_Driver/Src/stm32f4xx_hal_tim.c.obj
 .debug_aranges
                0x0000000000000d10      0x168 CMakeFiles/Stalin.dir/Drivers/STM32F4xx_HAL_Driver/Src/stm32f4xx_hal_tim_ex.c.obj
 .debug_aranges
                0x0000000000000e78      0x208 CMakeFiles/Stalin.dir/Drivers/STM32F4xx_HAL_Driver/Src/stm32f4xx_hal_uart.c.obj
 .debug_aranges
                0x0000000000001080       0x28 CMakeFiles/Stalin.dir/Core/Src/system_stm32f4xx.c.obj
 .debug_aranges
                0x00000000000010a8       0x20 CMakeFiles/Stalin.dir/Core/Src/sysmem.c.obj
 .debug_aranges
                0x00000000000010c8       0x28 CMakeFiles/Stalin.dir/startup_stm32f411xe.s.obj
 .debug_aranges
                0x00000000000010f0       0x28 libs/PID/libPID.a(PID.c.obj)
 .debug_aranges
                0x0000000000001118       0x20 /usr/lib/gcc/arm-none-eabi/10.3.1/thumb/v7e-m+fp/hard/libgcc.a(_arm_muldf3.o)
 .debug_aranges
                0x0000000000001138       0x20 /usr/lib/gcc/arm-none-eabi/10.3.1/thumb/v7e-m+fp/hard/libgcc.a(_arm_addsubdf3.o)
 .debug_aranges
                0x0000000000001158       0x20 /usr/lib/gcc/arm-none-eabi/10.3.1/thumb/v7e-m+fp/hard/libgcc.a(_arm_truncdfsf2.o)
 .debug_aranges
                0x0000000000001178       0x20 /usr/lib/gcc/arm-none-eabi/10.3.1/thumb/v7e-m+fp/hard/libgcc.a(_aeabi_uldivmod.o)
 .debug_aranges
                0x0000000000001198       0x20 /usr/lib/gcc/arm-none-eabi/10.3.1/thumb/v7e-m+fp/hard/libgcc.a(_udivmoddi4.o)
 .debug_aranges
                0x00000000000011b8       0x20 /usr/lib/gcc/arm-none-eabi/10.3.1/thumb/v7e-m+fp/hard/libgcc.a(_dvmd_tls.o)
 .debug_aranges
                0x00000000000011d8       0x20 /usr/lib/gcc/arm-none-eabi/10.3.1/../../../arm-none-eabi/lib/thumb/v7e-m+fp/hard/libg_nano.a(lib_a-errno.o)
 .debug_aranges
                0x00000000000011f8       0x20 /usr/lib/gcc/arm-none-eabi/10.3.1/../../../arm-none-eabi/lib/thumb/v7e-m+fp/hard/libg_nano.a(lib_a-sprintf.o)
 .debug_aranges
                0x0000000000001218       0x20 /usr/lib/gcc/arm-none-eabi/10.3.1/../../../arm-none-eabi/lib/thumb/v7e-m+fp/hard/libg_nano.a(lib_a-nano-svfprintf.o)
 .debug_aranges
                0x0000000000001238       0x20 /usr/lib/gcc/arm-none-eabi/10.3.1/../../../arm-none-eabi/lib/thumb/v7e-m+fp/hard/libg_nano.a(lib_a-nano-vfprintf_i.o)
 .debug_aranges
                0x0000000000001258       0x20 /usr/lib/gcc/arm-none-eabi/10.3.1/../../../arm-none-eabi/lib/thumb/v7e-m+fp/hard/libg_nano.a(lib_a-memchr.o)
 .debug_aranges
                0x0000000000001278       0x20 /usr/lib/gcc/arm-none-eabi/10.3.1/../../../arm-none-eabi/lib/thumb/v7e-m+fp/hard/libg_nano.a(lib_a-memcpy.o)
 .debug_aranges
                0x0000000000001298       0x20 /usr/lib/gcc/arm-none-eabi/10.3.1/../../../arm-none-eabi/lib/thumb/v7e-m+fp/hard/libg_nano.a(lib_a-memmove.o)
 .debug_aranges
                0x00000000000012b8       0x20 /usr/lib/gcc/arm-none-eabi/10.3.1/../../../arm-none-eabi/lib/thumb/v7e-m+fp/hard/libg_nano.a(lib_a-nano-freer.o)
 .debug_aranges
                0x00000000000012d8       0x20 /usr/lib/gcc/arm-none-eabi/10.3.1/../../../arm-none-eabi/lib/thumb/v7e-m+fp/hard/libg_nano.a(lib_a-nano-mallocr.o)
 .debug_aranges
                0x00000000000012f8       0x20 /usr/lib/gcc/arm-none-eabi/10.3.1/../../../arm-none-eabi/lib/thumb/v7e-m+fp/hard/libg_nano.a(lib_a-nano-reallocr.o)
 .debug_aranges
                0x0000000000001318       0x20 /usr/lib/gcc/arm-none-eabi/10.3.1/../../../arm-none-eabi/lib/thumb/v7e-m+fp/hard/libg_nano.a(lib_a-sbrkr.o)
 .debug_aranges
                0x0000000000001338       0x20 /usr/lib/gcc/arm-none-eabi/10.3.1/../../../arm-none-eabi/lib/thumb/v7e-m+fp/hard/libg_nano.a(lib_a-mlock.o)
 .debug_aranges
                0x0000000000001358       0x20 /usr/lib/gcc/arm-none-eabi/10.3.1/../../../arm-none-eabi/lib/thumb/v7e-m+fp/hard/libg_nano.a(lib_a-nano-msizer.o)
 .debug_aranges
                0x0000000000001378       0x20 /usr/lib/gcc/arm-none-eabi/10.3.1/../../../arm-none-eabi/lib/thumb/v7e-m+fp/hard/libg_nano.a(lib_a-reent.o)

.debug_line     0x0000000000000000    0x16958
 .debug_line    0x0000000000000000       0xe4 /usr/lib/gcc/arm-none-eabi/10.3.1/../../../arm-none-eabi/lib/thumb/v7e-m+fp/hard/libc_nano.a(lib_a-impure.o)
 .debug_line    0x00000000000000e4      0x138 /usr/lib/gcc/arm-none-eabi/10.3.1/../../../arm-none-eabi/lib/thumb/v7e-m+fp/hard/libc_nano.a(lib_a-init.o)
 .debug_line    0x000000000000021c      0x1bf /usr/lib/gcc/arm-none-eabi/10.3.1/../../../arm-none-eabi/lib/thumb/v7e-m+fp/hard/libc_nano.a(lib_a-memset.o)
 .debug_line    0x00000000000003db      0xa5a CMakeFiles/Stalin.dir/App/Src/App.c.obj
 .debug_line    0x0000000000000e35      0x6a4 CMakeFiles/Stalin.dir/App/Src/Interrupt.c.obj
 .debug_line    0x00000000000014d9      0x823 CMakeFiles/Stalin.dir/libs/CLI/Src/comand_processing.c.obj
 .debug_line    0x0000000000001cfc      0x904 CMakeFiles/Stalin.dir/libs/CLI/Src/serial_driver.c.obj
 .debug_line    0x0000000000002600      0x829 CMakeFiles/Stalin.dir/libs/Motor/Src/Motor.c.obj
 .debug_line    0x0000000000002e29      0x817 CMakeFiles/Stalin.dir/libs/AS5600/Src/AS5600LikeOdometr.c.obj
 .debug_line    0x0000000000003640      0x5ff CMakeFiles/Stalin.dir/libs/AS5600/Src/I2C_Processing.c.obj
 .debug_line    0x0000000000003c3f      0x85c CMakeFiles/Stalin.dir/Core/Src/main.c.obj
 .debug_line    0x000000000000449b      0x689 CMakeFiles/Stalin.dir/Core/Src/stm32f4xx_it.c.obj
 .debug_line    0x0000000000004b24      0x68b CMakeFiles/Stalin.dir/Core/Src/stm32f4xx_hal_msp.c.obj
 .debug_line    0x00000000000051af     0x3887 CMakeFiles/Stalin.dir/Drivers/STM32F4xx_HAL_Driver/Src/stm32f4xx_hal_i2c.c.obj
 .debug_line    0x0000000000008a36      0xbc4 CMakeFiles/Stalin.dir/Drivers/STM32F4xx_HAL_Driver/Src/stm32f4xx_hal_rcc.c.obj
 .debug_line    0x00000000000095fa      0x96a CMakeFiles/Stalin.dir/Drivers/STM32F4xx_HAL_Driver/Src/stm32f4xx_hal_gpio.c.obj
 .debug_line    0x0000000000009f64      0xd96 CMakeFiles/Stalin.dir/Drivers/STM32F4xx_HAL_Driver/Src/stm32f4xx_hal_dma.c.obj
 .debug_line    0x000000000000acfa      0xb2c CMakeFiles/Stalin.dir/Drivers/STM32F4xx_HAL_Driver/Src/stm32f4xx_hal_cortex.c.obj
 .debug_line    0x000000000000b826      0x832 CMakeFiles/Stalin.dir/Drivers/STM32F4xx_HAL_Driver/Src/stm32f4xx_hal.c.obj
 .debug_line    0x000000000000c058     0x3337 CMakeFiles/Stalin.dir/Drivers/STM32F4xx_HAL_Driver/Src/stm32f4xx_hal_tim.c.obj
 .debug_line    0x000000000000f38f     0x17c0 CMakeFiles/Stalin.dir/Drivers/STM32F4xx_HAL_Driver/Src/stm32f4xx_hal_tim_ex.c.obj
 .debug_line    0x0000000000010b4f     0x270b CMakeFiles/Stalin.dir/Drivers/STM32F4xx_HAL_Driver/Src/stm32f4xx_hal_uart.c.obj
 .debug_line    0x000000000001325a      0x5cc CMakeFiles/Stalin.dir/Core/Src/system_stm32f4xx.c.obj
 .debug_line    0x0000000000013826      0x1cd CMakeFiles/Stalin.dir/Core/Src/sysmem.c.obj
 .debug_line    0x00000000000139f3       0x9f CMakeFiles/Stalin.dir/startup_stm32f411xe.s.obj
 .debug_line    0x0000000000013a92      0x110 libs/PID/libPID.a(PID.c.obj)
 .debug_line    0x0000000000013ba2      0x10c /usr/lib/gcc/arm-none-eabi/10.3.1/thumb/v7e-m+fp/hard/libgcc.a(_arm_muldf3.o)
 .debug_line    0x0000000000013cae      0x186 /usr/lib/gcc/arm-none-eabi/10.3.1/thumb/v7e-m+fp/hard/libgcc.a(_arm_addsubdf3.o)
 .debug_line    0x0000000000013e34       0x8d /usr/lib/gcc/arm-none-eabi/10.3.1/thumb/v7e-m+fp/hard/libgcc.a(_arm_truncdfsf2.o)
 .debug_line    0x0000000000013ec1       0x60 /usr/lib/gcc/arm-none-eabi/10.3.1/thumb/v7e-m+fp/hard/libgcc.a(_aeabi_uldivmod.o)
 .debug_line    0x0000000000013f21      0x5ae /usr/lib/gcc/arm-none-eabi/10.3.1/thumb/v7e-m+fp/hard/libgcc.a(_udivmoddi4.o)
 .debug_line    0x00000000000144cf       0x60 /usr/lib/gcc/arm-none-eabi/10.3.1/thumb/v7e-m+fp/hard/libgcc.a(_dvmd_tls.o)
 .debug_line    0x000000000001452f      0x109 /usr/lib/gcc/arm-none-eabi/10.3.1/../../../arm-none-eabi/lib/thumb/v7e-m+fp/hard/libg_nano.a(lib_a-errno.o)
 .debug_line    0x0000000000014638      0x209 /usr/lib/gcc/arm-none-eabi/10.3.1/../../../arm-none-eabi/lib/thumb/v7e-m+fp/hard/libg_nano.a(lib_a-sprintf.o)
 .debug_line    0x0000000000014841      0x83a /usr/lib/gcc/arm-none-eabi/10.3.1/../../../arm-none-eabi/lib/thumb/v7e-m+fp/hard/libg_nano.a(lib_a-nano-svfprintf.o)
 .debug_line    0x000000000001507b      0x746 /usr/lib/gcc/arm-none-eabi/10.3.1/../../../arm-none-eabi/lib/thumb/v7e-m+fp/hard/libg_nano.a(lib_a-nano-vfprintf_i.o)
 .debug_line    0x00000000000157c1       0xa4 /usr/lib/gcc/arm-none-eabi/10.3.1/../../../arm-none-eabi/lib/thumb/v7e-m+fp/hard/libg_nano.a(lib_a-memchr.o)
 .debug_line    0x0000000000015865       0xbe /usr/lib/gcc/arm-none-eabi/10.3.1/../../../arm-none-eabi/lib/thumb/v7e-m+fp/hard/libg_nano.a(lib_a-memcpy.o)
 .debug_line    0x0000000000015923      0x1ee /usr/lib/gcc/arm-none-eabi/10.3.1/../../../arm-none-eabi/lib/thumb/v7e-m+fp/hard/libg_nano.a(lib_a-memmove.o)
 .debug_line    0x0000000000015b11      0x2ca /usr/lib/gcc/arm-none-eabi/10.3.1/../../../arm-none-eabi/lib/thumb/v7e-m+fp/hard/libg_nano.a(lib_a-nano-freer.o)
 .debug_line    0x0000000000015ddb      0x2d0 /usr/lib/gcc/arm-none-eabi/10.3.1/../../../arm-none-eabi/lib/thumb/v7e-m+fp/hard/libg_nano.a(lib_a-nano-mallocr.o)
 .debug_line    0x00000000000160ab      0x1c5 /usr/lib/gcc/arm-none-eabi/10.3.1/../../../arm-none-eabi/lib/thumb/v7e-m+fp/hard/libg_nano.a(lib_a-nano-reallocr.o)
 .debug_line    0x0000000000016270      0x183 /usr/lib/gcc/arm-none-eabi/10.3.1/../../../arm-none-eabi/lib/thumb/v7e-m+fp/hard/libg_nano.a(lib_a-sbrkr.o)
 .debug_line    0x00000000000163f3      0x13e /usr/lib/gcc/arm-none-eabi/10.3.1/../../../arm-none-eabi/lib/thumb/v7e-m+fp/hard/libg_nano.a(lib_a-mlock.o)
 .debug_line    0x0000000000016531      0x160 /usr/lib/gcc/arm-none-eabi/10.3.1/../../../arm-none-eabi/lib/thumb/v7e-m+fp/hard/libg_nano.a(lib_a-nano-msizer.o)
 .debug_line    0x0000000000016691      0x2c7 /usr/lib/gcc/arm-none-eabi/10.3.1/../../../arm-none-eabi/lib/thumb/v7e-m+fp/hard/libg_nano.a(lib_a-reent.o)

.debug_str      0x0000000000000000    0x92cc0
 .debug_str     0x0000000000000000      0x44c /usr/lib/gcc/arm-none-eabi/10.3.1/../../../arm-none-eabi/lib/thumb/v7e-m+fp/hard/libc_nano.a(lib_a-impure.o)
                                        0x55e (size before relaxing)
 .debug_str     0x000000000000044c       0xf6 /usr/lib/gcc/arm-none-eabi/10.3.1/../../../arm-none-eabi/lib/thumb/v7e-m+fp/hard/libc_nano.a(lib_a-init.o)
                                        0x20b (size before relaxing)
 .debug_str     0x0000000000000542       0xb1 /usr/lib/gcc/arm-none-eabi/10.3.1/../../../arm-none-eabi/lib/thumb/v7e-m+fp/hard/libc_nano.a(lib_a-memset.o)
                                        0x1c0 (size before relaxing)
 .debug_str     0x00000000000005f3    0x8cbb1 CMakeFiles/Stalin.dir/App/Src/App.c.obj
                                      0x8cf1e (size before relaxing)
 .debug_str     0x000000000008d1a4       0x91 CMakeFiles/Stalin.dir/App/Src/Interrupt.c.obj