Archive member included to satisfy reference by file (symbol)

/usr/lib/gcc/arm-none-eabi/10.3.1/../../../arm-none-eabi/lib/thumb/v7e-m+fp/hard/libc_nano.a(lib_a-atexit.o)
                              /usr/lib/gcc/arm-none-eabi/10.3.1/../../../arm-none-eabi/lib/thumb/v7e-m+fp/hard/crt0.o (atexit)
/usr/lib/gcc/arm-none-eabi/10.3.1/../../../arm-none-eabi/lib/thumb/v7e-m+fp/hard/libc_nano.a(lib_a-exit.o)
                              /usr/lib/gcc/arm-none-eabi/10.3.1/../../../arm-none-eabi/lib/thumb/v7e-m+fp/hard/crt0.o (exit)
/usr/lib/gcc/arm-none-eabi/10.3.1/../../../arm-none-eabi/lib/thumb/v7e-m+fp/hard/libc_nano.a(lib_a-fini.o)
                              /usr/lib/gcc/arm-none-eabi/10.3.1/../../../arm-none-eabi/lib/thumb/v7e-m+fp/hard/crt0.o (__libc_fini_array)
/usr/lib/gcc/arm-none-eabi/10.3.1/../../../arm-none-eabi/lib/thumb/v7e-m+fp/hard/libc_nano.a(lib_a-impure.o)
                              /usr/lib/gcc/arm-none-eabi/10.3.1/../../../arm-none-eabi/lib/thumb/v7e-m+fp/hard/libc_nano.a(lib_a-exit.o) (_global_impure_ptr)
/usr/lib/gcc/arm-none-eabi/10.3.1/../../../arm-none-eabi/lib/thumb/v7e-m+fp/hard/libc_nano.a(lib_a-init.o)
                              /usr/lib/gcc/arm-none-eabi/10.3.1/../../../arm-none-eabi/lib/thumb/v7e-m+fp/hard/crt0.o (__libc_init_array)
/usr/lib/gcc/arm-none-eabi/10.3.1/../../../arm-none-eabi/lib/thumb/v7e-m+fp/hard/libc_nano.a(lib_a-memset.o)
                              /usr/lib/gcc/arm-none-eabi/10.3.1/../../../arm-none-eabi/lib/thumb/v7e-m+fp/hard/crt0.o (memset)
/usr/lib/gcc/arm-none-eabi/10.3.1/../../../arm-none-eabi/lib/thumb/v7e-m+fp/hard/libc_nano.a(lib_a-__atexit.o)
                              /usr/lib/gcc/arm-none-eabi/10.3.1/../../../arm-none-eabi/lib/thumb/v7e-m+fp/hard/libc_nano.a(lib_a-atexit.o) (__register_exitproc)
/usr/lib/gcc/arm-none-eabi/10.3.1/../../../arm-none-eabi/lib/thumb/v7e-m+fp/hard/libc_nano.a(lib_a-__call_atexit.o)
                              /usr/lib/gcc/arm-none-eabi/10.3.1/../../../arm-none-eabi/lib/thumb/v7e-m+fp/hard/libc_nano.a(lib_a-__atexit.o) (__call_exitprocs)
libs/PID/libPID.a(PID.c.obj)  CMakeFiles/PID_test.dir/Core/Src/main.c.obj (PID)
/usr/lib/gcc/arm-none-eabi/10.3.1/thumb/v7e-m+fp/hard/libgcc.a(_aeabi_uldivmod.o)
                              CMakeFiles/PID_test.dir/Drivers/STM32F4xx_HAL_Driver/Src/stm32f4xx_hal_uart.c.obj (__aeabi_uldivmod)
/usr/lib/gcc/arm-none-eabi/10.3.1/thumb/v7e-m+fp/hard/libgcc.a(_udivmoddi4.o)
                              /usr/lib/gcc/arm-none-eabi/10.3.1/thumb/v7e-m+fp/hard/libgcc.a(_aeabi_uldivmod.o) (__udivmoddi4)
/usr/lib/gcc/arm-none-eabi/10.3.1/thumb/v7e-m+fp/hard/libgcc.a(_dvmd_tls.o)
                              /usr/lib/gcc/arm-none-eabi/10.3.1/thumb/v7e-m+fp/hard/libgcc.a(_aeabi_uldivmod.o) (__aeabi_ldiv0)
/usr/lib/gcc/arm-none-eabi/10.3.1/../../../arm-none-eabi/lib/thumb/v7e-m+fp/hard/libg_nano.a(lib_a-errno.o)
                              CMakeFiles/PID_test.dir/Core/Src/sysmem.c.obj (__errno)

Discarded input sections

 .text          0x0000000000000000        0x0 /usr/lib/gcc/arm-none-eabi/10.3.1/thumb/v7e-m+fp/hard/crti.o
 .data          0x0000000000000000        0x0 /usr/lib/gcc/arm-none-eabi/10.3.1/thumb/v7e-m+fp/hard/crti.o
 .bss           0x0000000000000000        0x0 /usr/lib/gcc/arm-none-eabi/10.3.1/thumb/v7e-m+fp/hard/crti.o
 .data          0x0000000000000000        0x4 /usr/lib/gcc/arm-none-eabi/10.3.1/thumb/v7e-m+fp/hard/crtbegin.o
 .rodata        0x0000000000000000       0x24 /usr/lib/gcc/arm-none-eabi/10.3.1/thumb/v7e-m+fp/hard/crtbegin.o
 .text          0x0000000000000000       0x70 /usr/lib/gcc/arm-none-eabi/10.3.1/../../../arm-none-eabi/lib/thumb/v7e-m+fp/hard/crt0.o
 .data          0x0000000000000000        0x0 /usr/lib/gcc/arm-none-eabi/10.3.1/../../../arm-none-eabi/lib/thumb/v7e-m+fp/hard/crt0.o
 .bss           0x0000000000000000        0x0 /usr/lib/gcc/arm-none-eabi/10.3.1/../../../arm-none-eabi/lib/thumb/v7e-m+fp/hard/crt0.o
 .ARM.extab     0x0000000000000000        0x0 /usr/lib/gcc/arm-none-eabi/10.3.1/../../../arm-none-eabi/lib/thumb/v7e-m+fp/hard/crt0.o
 .ARM.exidx     0x0000000000000000       0x10 /usr/lib/gcc/arm-none-eabi/10.3.1/../../../arm-none-eabi/lib/thumb/v7e-m+fp/hard/crt0.o
 .debug_line    0x0000000000000000       0x87 /usr/lib/gcc/arm-none-eabi/10.3.1/../../../arm-none-eabi/lib/thumb/v7e-m+fp/hard/crt0.o
 .debug_info    0x0000000000000000       0x26 /usr/lib/gcc/arm-none-eabi/10.3.1/../../../arm-none-eabi/lib/thumb/v7e-m+fp/hard/crt0.o
 .debug_abbrev  0x0000000000000000       0x14 /usr/lib/gcc/arm-none-eabi/10.3.1/../../../arm-none-eabi/lib/thumb/v7e-m+fp/hard/crt0.o
 .debug_aranges
                0x0000000000000000       0x20 /usr/lib/gcc/arm-none-eabi/10.3.1/../../../arm-none-eabi/lib/thumb/v7e-m+fp/hard/crt0.o
 .debug_str     0x0000000000000000       0x98 /usr/lib/gcc/arm-none-eabi/10.3.1/../../../arm-none-eabi/lib/thumb/v7e-m+fp/hard/crt0.o
 .ARM.attributes
[...]
Memory Configuration

Name             Origin             Length             Attributes
RAM              0x0000000020000000 0x0000000000010000 xrw
FLASH            0x0000000008000000 0x0000000000040000 xr
*default*        0x0000000000000000 0xffffffffffffffff

Linker script and memory map

LOAD /usr/lib/gcc/arm-none-eabi/10.3.1/thumb/v7e-m+fp/hard/crti.o
LOAD /usr/lib/gcc/arm-none-eabi/10.3.1/thumb/v7e-m+fp/hard/crtbegin.o
LOAD /usr/lib/gcc/arm-none-eabi/10.3.1/../../../arm-none-eabi/lib/thumb/v7e-m+fp/hard/crt0.o
START GROUP
LOAD /usr/lib/gcc/arm-none-eabi/10.3.1/../../../arm-none-eabi/lib/thumb/v7e-m+fp/hard/libc_nano.a
LOAD /usr/lib/gcc/arm-none-eabi/10.3.1/../../../arm-none-eabi/lib/thumb/v7e-m+fp/hard/libm.a
END GROUP
LOAD CMakeFiles/PID_test.dir/Core/Src/main.c.obj
LOAD CMakeFiles/PID_test.dir/Core/Src/stm32f4xx_it.c.obj
LOAD CMakeFiles/PID_test.dir/Core/Src/stm32f4xx_hal_msp.c.obj
LOAD CMakeFiles/PID_test.dir/Drivers/STM32F4xx_HAL_Driver/Src/stm32f4xx_hal_tim.c.obj
LOAD CMakeFiles/PID_test.dir/Drivers/STM32F4xx_HAL_Driver/Src/stm32f4xx_hal_tim_ex.c.obj
LOAD CMakeFiles/PID_test.dir/Drivers/STM32F4xx_HAL_Driver/Src/stm32f4xx_hal_uart.c.obj
LOAD CMakeFiles/PID_test.dir/Drivers/STM32F4xx_HAL_Driver/Src/stm32f4xx_hal_rcc.c.obj
LOAD CMakeFiles/PID_test.dir/Drivers/STM32F4xx_HAL_Driver/Src/stm32f4xx_hal_rcc_ex.c.obj
LOAD CMakeFiles/PID_test.dir/Drivers/STM32F4xx_HAL_Driver/Src/stm32f4xx_hal_flash.c.obj
LOAD CMakeFiles/PID_test.dir/Drivers/STM32F4xx_HAL_Driver/Src/stm32f4xx_hal_flash_ex.c.obj
LOAD CMakeFiles/PID_test.dir/Drivers/STM32F4xx_HAL_Driver/Src/stm32f4xx_hal_flash_ramfunc.c.obj
LOAD CMakeFiles/PID_test.dir/Drivers/STM32F4xx_HAL_Driver/Src/stm32f4xx_hal_gpio.c.obj
LOAD CMakeFiles/PID_test.dir/Drivers/STM32F4xx_HAL_Driver/Src/stm32f4xx_hal_dma_ex.c.obj
LOAD CMakeFiles/PID_test.dir/Drivers/STM32F4xx_HAL_Driver/Src/stm32f4xx_hal_dma.c.obj
LOAD CMakeFiles/PID_test.dir/Drivers/STM32F4xx_HAL_Driver/Src/stm32f4xx_hal_pwr.c.obj
LOAD CMakeFiles/PID_test.dir/Drivers/STM32F4xx_HAL_Driver/Src/stm32f4xx_hal_pwr_ex.c.obj
LOAD CMakeFiles/PID_test.dir/Drivers/STM32F4xx_HAL_Driver/Src/stm32f4xx_hal_cortex.c.obj
LOAD CMakeFiles/PID_test.dir/Drivers/STM32F4xx_HAL_Driver/Src/stm32f4xx_hal.c.obj
LOAD CMakeFiles/PID_test.dir/Drivers/STM32F4xx_HAL_Driver/Src/stm32f4xx_hal_exti.c.obj
LOAD CMakeFiles/PID_test.dir/Core/Src/system_stm32f4xx.c.obj
LOAD CMakeFiles/PID_test.dir/Core/Src/sysmem.c.obj
LOAD CMakeFiles/PID_test.dir/Core/Src/syscalls.c.obj
LOAD CMakeFiles/PID_test.dir/startup_stm32f401xc.s.obj
LOAD libs/PID/libPID.a
START GROUP
LOAD /usr/lib/gcc/arm-none-eabi/10.3.1/thumb/v7e-m+fp/hard/libgcc.a
LOAD /usr/lib/gcc/arm-none-eabi/10.3.1/../../../arm-none-eabi/lib/thumb/v7e-m+fp/hard/libg_nano.a
LOAD /usr/lib/gcc/arm-none-eabi/10.3.1/../../../arm-none-eabi/lib/thumb/v7e-m+fp/hard/libc_nano.a
END GROUP
START GROUP
LOAD /usr/lib/gcc/arm-none-eabi/10.3.1/thumb/v7e-m+fp/hard/libgcc.a
LOAD /usr/lib/gcc/arm-none-eabi/10.3.1/../../../arm-none-eabi/lib/thumb/v7e-m+fp/hard/libc_nano.a
END GROUP
LOAD /usr/lib/gcc/arm-none-eabi/10.3.1/thumb/v7e-m+fp/hard/crtend.o
LOAD /usr/lib/gcc/arm-none-eabi/10.3.1/thumb/v7e-m+fp/hard/crtn.o
                0x0000000020010000                _estack = (ORIGIN (RAM) + LENGTH (RAM))
                0x0000000000002000                _Min_Heap_Size = 0x2000
                0x0000000000004000                _Min_Stack_Size = 0x4000

.isr_vector     0x0000000008000000      0x194
                0x0000000008000000                . = ALIGN (0x4)
 *(.isr_vector)
 .isr_vector    0x0000000008000000      0x194 CMakeFiles/PID_test.dir/startup_stm32f401xc.s.obj
                0x0000000008000000                g_pfnVectors
                0x0000000008000194                . = ALIGN (0x4)

.text           0x0000000008000194     0x1cf0
                0x0000000008000194                . = ALIGN (0x4)
 *(.text)
 .text          0x0000000008000194       0x88 /usr/lib/gcc/arm-none-eabi/10.3.1/thumb/v7e-m+fp/hard/crtbegin.o
 .text          0x000000000800021c       0x48 /usr/lib/gcc/arm-none-eabi/10.3.1/../../../arm-none-eabi/lib/thumb/v7e-m+fp/hard/libc_nano.a(lib_a-init.o)
                0x000000000800021c                __libc_init_array
 .text          0x0000000008000264       0xa4 /usr/lib/gcc/arm-none-eabi/10.3.1/../../../arm-none-eabi/lib/thumb/v7e-m+fp/hard/libc_nano.a(lib_a-memset.o)
                0x0000000008000264                memset
 .text          0x0000000008000308       0x30 /usr/lib/gcc/arm-none-eabi/10.3.1/thumb/v7e-m+fp/hard/libgcc.a(_aeabi_uldivmod.o)
                0x0000000008000308                __aeabi_uldivmod
 .text          0x0000000008000338      0x2d0 /usr/lib/gcc/arm-none-eabi/10.3.1/thumb/v7e-m+fp/hard/libgcc.a(_udivmoddi4.o)
                0x0000000008000338                __udivmoddi4
 .text          0x0000000008000608        0x4 /usr/lib/gcc/arm-none-eabi/10.3.1/thumb/v7e-m+fp/hard/libgcc.a(_dvmd_tls.o)
                0x0000000008000608                __aeabi_ldiv0
                0x0000000008000608                __aeabi_idiv0
 *(.text*)
 .text.main     0x000000000800060c       0x74 CMakeFiles/PID_test.dir/Core/Src/main.c.obj
                0x000000000800060c                main
 .text.SystemClock_Config
                0x0000000008000680       0xc0 CMakeFiles/PID_test.dir/Core/Src/main.c.obj
                0x0000000008000680                SystemClock_Config
 .text.MX_USART2_UART_Init
                0x0000000008000740       0x54 CMakeFiles/PID_test.dir/Core/Src/main.c.obj
 .text.MX_GPIO_Init
                0x0000000008000794       0x88 CMakeFiles/PID_test.dir/Core/Src/main.c.obj
 .text.Error_Handler
                0x000000000800081c        0xa CMakeFiles/PID_test.dir/Core/Src/main.c.obj
                0x000000000800081c                Error_Handler
 .text.NMI_Handler
                0x0000000008000826        0x6 CMakeFiles/PID_test.dir/Core/Src/stm32f4xx_it.c.obj
                0x0000000008000826                NMI_Handler
 .text.HardFault_Handler
                0x000000000800082c        0x6 CMakeFiles/PID_test.dir/Core/Src/stm32f4xx_it.c.obj
                0x000000000800082c                HardFault_Handler
 .text.MemManage_Handler
                0x0000000008000832        0x6 CMakeFiles/PID_test.dir/Core/Src/stm32f4xx_it.c.obj
                0x0000000008000832                MemManage_Handler
 .text.BusFault_Handler
                0x0000000008000838        0x6 CMakeFiles/PID_test.dir/Core/Src/stm32f4xx_it.c.obj
                0x0000000008000838                BusFault_Handler
 .text.UsageFault_Handler
                0x000000000800083e        0x6 CMakeFiles/PID_test.dir/Core/Src/stm32f4xx_it.c.obj
                0x000000000800083e                UsageFault_Handler
 .text.SVC_Handler
                0x0000000008000844        0xe CMakeFiles/PID_test.dir/Core/Src/stm32f4xx_it.c.obj
                0x0000000008000844                SVC_Handler
 .text.DebugMon_Handler
                0x0000000008000852        0xe CMakeFiles/PID_test.dir/Core/Src/stm32f4xx_it.c.obj
                0x0000000008000852                DebugMon_Handler
 .text.PendSV_Handler
                0x0000000008000860        0xe CMakeFiles/PID_test.dir/Core/Src/stm32f4xx_it.c.obj
                0x0000000008000860                PendSV_Handler
 .text.SysTick_Handler
                0x000000000800086e        0xc CMakeFiles/PID_test.dir/Core/Src/stm32f4xx_it.c.obj
                0x000000000800086e                SysTick_Handler
 *fill*         0x000000000800087a        0x2 
 .text.HAL_MspInit
                0x000000000800087c       0x50 CMakeFiles/PID_test.dir/Core/Src/stm32f4xx_hal_msp.c.obj
                0x000000000800087c                HAL_MspInit
 .text.HAL_UART_MspInit
                0x00000000080008cc       0x90 CMakeFiles/PID_test.dir/Core/Src/stm32f4xx_hal_msp.c.obj
                0x00000000080008cc                HAL_UART_MspInit
 .text.HAL_UART_Init
                0x000000000800095c       0xa0 CMakeFiles/PID_test.dir/Drivers/STM32F4xx_HAL_Driver/Src/stm32f4xx_hal_uart.c.obj
                0x000000000800095c                HAL_UART_Init
 .text.UART_SetConfig
                0x00000000080009fc      0x4e8 CMakeFiles/PID_test.dir/Drivers/STM32F4xx_HAL_Driver/Src/stm32f4xx_hal_uart.c.obj
 .text.HAL_RCC_OscConfig
                0x0000000008000ee4      0x4f0 CMakeFiles/PID_test.dir/Drivers/STM32F4xx_HAL_Driver/Src/stm32f4xx_hal_rcc.c.obj
                0x0000000008000ee4                HAL_RCC_OscConfig
 .text.HAL_RCC_ClockConfig
                0x00000000080013d4      0x1cc CMakeFiles/PID_test.dir/Drivers/STM32F4xx_HAL_Driver/Src/stm32f4xx_hal_rcc.c.obj
                0x00000000080013d4                HAL_RCC_ClockConfig
 .text.HAL_RCC_GetSysClockFreq
                0x00000000080015a0      0x18c CMakeFiles/PID_test.dir/Drivers/STM32F4xx_HAL_Driver/Src/stm32f4xx_hal_rcc.c.obj
                0x00000000080015a0                HAL_RCC_GetSysClockFreq
 .text.HAL_RCC_GetHCLKFreq
                0x000000000800172c       0x18 CMakeFiles/PID_test.dir/Drivers/STM32F4xx_HAL_Driver/Src/stm32f4xx_hal_rcc.c.obj
                0x000000000800172c                HAL_RCC_GetHCLKFreq
 .text.HAL_RCC_GetPCLK1Freq
                0x0000000008001744       0x28 CMakeFiles/PID_test.dir/Drivers/STM32F4xx_HAL_Driver/Src/stm32f4xx_hal_rcc.c.obj
                0x0000000008001744                HAL_RCC_GetPCLK1Freq
 .text.HAL_RCC_GetPCLK2Freq
                0x000000000800176c       0x28 CMakeFiles/PID_test.dir/Drivers/STM32F4xx_HAL_Driver/Src/stm32f4xx_hal_rcc.c.obj
                0x000000000800176c                HAL_RCC_GetPCLK2Freq
 .text.HAL_GPIO_Init
                0x0000000008001794      0x308 CMakeFiles/PID_test.dir/Drivers/STM32F4xx_HAL_Driver/Src/stm32f4xx_hal_gpio.c.obj
                0x0000000008001794                HAL_GPIO_Init
 .text.HAL_GPIO_WritePin
                0x0000000008001a9c       0x32 CMakeFiles/PID_test.dir/Drivers/STM32F4xx_HAL_Driver/Src/stm32f4xx_hal_gpio.c.obj
                0x0000000008001a9c                HAL_GPIO_WritePin
 *fill*         0x0000000008001ace        0x2 
 .text.__NVIC_SetPriorityGrouping
                0x0000000008001ad0       0x48 CMakeFiles/PID_test.dir/Drivers/STM32F4xx_HAL_Driver/Src/stm32f4xx_hal_cortex.c.obj
 .text.__NVIC_GetPriorityGrouping
                0x0000000008001b18       0x1c CMakeFiles/PID_test.dir/Drivers/STM32F4xx_HAL_Driver/Src/stm32f4xx_hal_cortex.c.obj
 .text.__NVIC_SetPriority
                0x0000000008001b34       0x54 CMakeFiles/PID_test.dir/Drivers/STM32F4xx_HAL_Driver/Src/stm32f4xx_hal_cortex.c.obj
 .text.NVIC_EncodePriority
                0x0000000008001b88       0x66 CMakeFiles/PID_test.dir/Drivers/STM32F4xx_HAL_Driver/Src/stm32f4xx_hal_cortex.c.obj
 *fill*         0x0000000008001bee        0x2 
 .text.SysTick_Config
                0x0000000008001bf0       0x44 CMakeFiles/PID_test.dir/Drivers/STM32F4xx_HAL_Driver/Src/stm32f4xx_hal_cortex.c.obj
 .text.HAL_NVIC_SetPriorityGrouping
                0x0000000008001c34       0x16 CMakeFiles/PID_test.dir/Drivers/STM32F4xx_HAL_Driver/Src/stm32f4xx_hal_cortex.c.obj
                0x0000000008001c34                HAL_NVIC_SetPriorityGrouping
 .text.HAL_NVIC_SetPriority
                0x0000000008001c4a       0x38 CMakeFiles/PID_test.dir/Drivers/STM32F4xx_HAL_Driver/Src/stm32f4xx_hal_cortex.c.obj
                0x0000000008001c4a                HAL_NVIC_SetPriority
 .text.HAL_SYSTICK_Config
                0x0000000008001c82       0x18 CMakeFiles/PID_test.dir/Drivers/STM32F4xx_HAL_Driver/Src/stm32f4xx_hal_cortex.c.obj
                0x0000000008001c82                HAL_SYSTICK_Config
 *fill*         0x0000000008001c9a        0x2 
 .text.HAL_Init
                0x0000000008001c9c       0x44 CMakeFiles/PID_test.dir/Drivers/STM32F4xx_HAL_Driver/Src/stm32f4xx_hal.c.obj
                0x0000000008001c9c                HAL_Init
 .text.HAL_InitTick
                0x0000000008001ce0       0x60 CMakeFiles/PID_test.dir/Drivers/STM32F4xx_HAL_Driver/Src/stm32f4xx_hal.c.obj
                0x0000000008001ce0                HAL_InitTick
 .text.HAL_IncTick
                0x0000000008001d40       0x28 CMakeFiles/PID_test.dir/Drivers/STM32F4xx_HAL_Driver/Src/stm32f4xx_hal.c.obj
                0x0000000008001d40                HAL_IncTick
 .text.HAL_GetTick
                0x0000000008001d68       0x18 CMakeFiles/PID_test.dir/Drivers/STM32F4xx_HAL_Driver/Src/stm32f4xx_hal.c.obj
                0x0000000008001d68                HAL_GetTick
 .text.HAL_Delay
                0x0000000008001d80       0x48 CMakeFiles/PID_test.dir/Drivers/STM32F4xx_HAL_Driver/Src/stm32f4xx_hal.c.obj
                0x0000000008001d80                HAL_Delay
 .text.SystemInit
                0x0000000008001dc8       0x24 CMakeFiles/PID_test.dir/Core/Src/system_stm32f4xx.c.obj
                0x0000000008001dc8                SystemInit
 .text.Reset_Handler
                0x0000000008001dec       0x50 CMakeFiles/PID_test.dir/startup_stm32f401xc.s.obj
                0x0000000008001dec                Reset_Handler
 .text.Default_Handler
                0x0000000008001e3c        0x2 CMakeFiles/PID_test.dir/startup_stm32f401xc.s.obj
                0x0000000008001e3c                RTC_Alarm_IRQHandler
                0x0000000008001e3c                EXTI2_IRQHandler
                0x0000000008001e3c                SPI4_IRQHandler
                0x0000000008001e3c                TIM1_CC_IRQHandler
                0x0000000008001e3c                DMA2_Stream5_IRQHandler
                0x0000000008001e3c                DMA1_Stream5_IRQHandler
                0x0000000008001e3c                PVD_IRQHandler
                0x0000000008001e3c                SDIO_IRQHandler
                0x0000000008001e3c                TAMP_STAMP_IRQHandler
                0x0000000008001e3c                EXTI3_IRQHandler
                0x0000000008001e3c                TIM1_UP_TIM10_IRQHandler
                0x0000000008001e3c                I2C3_ER_IRQHandler
                0x0000000008001e3c                EXTI0_IRQHandler
                0x0000000008001e3c                I2C2_EV_IRQHandler
                0x0000000008001e3c                DMA1_Stream2_IRQHandler
                0x0000000008001e3c                FPU_IRQHandler
                0x0000000008001e3c                DMA2_Stream2_IRQHandler
                0x0000000008001e3c                SPI1_IRQHandler
                0x0000000008001e3c                TIM1_BRK_TIM9_IRQHandler
                0x0000000008001e3c                DMA2_Stream3_IRQHandler
                0x0000000008001e3c                USART6_IRQHandler
                0x0000000008001e3c                DMA2_Stream0_IRQHandler
                0x0000000008001e3c                TIM4_IRQHandler
                0x0000000008001e3c                I2C1_EV_IRQHandler
                0x0000000008001e3c                DMA1_Stream6_IRQHandler
                0x0000000008001e3c                DMA1_Stream1_IRQHandler
                0x0000000008001e3c                TIM3_IRQHandler
                0x0000000008001e3c                RCC_IRQHandler
                0x0000000008001e3c                Default_Handler
                0x0000000008001e3c                EXTI15_10_IRQHandler
                0x0000000008001e3c                ADC_IRQHandler
                0x0000000008001e3c                DMA1_Stream7_IRQHandler
                0x0000000008001e3c                TIM5_IRQHandler
                0x0000000008001e3c                DMA2_Stream7_IRQHandler
                0x0000000008001e3c                I2C3_EV_IRQHandler
                0x0000000008001e3c                EXTI9_5_IRQHandler
                0x0000000008001e3c                RTC_WKUP_IRQHandler
                0x0000000008001e3c                SPI2_IRQHandler
                0x0000000008001e3c                DMA1_Stream0_IRQHandler
                0x0000000008001e3c                EXTI4_IRQHandler
                0x0000000008001e3c                WWDG_IRQHandler
                0x0000000008001e3c                TIM2_IRQHandler
                0x0000000008001e3c                OTG_FS_WKUP_IRQHandler
                0x0000000008001e3c                TIM1_TRG_COM_TIM11_IRQHandler
                0x0000000008001e3c                EXTI1_IRQHandler
                0x0000000008001e3c                USART2_IRQHandler
                0x0000000008001e3c                I2C2_ER_IRQHandler
                0x0000000008001e3c                DMA2_Stream1_IRQHandler
                0x0000000008001e3c                FLASH_IRQHandler
                0x0000000008001e3c                DMA2_Stream4_IRQHandler
                0x0000000008001e3c                USART1_IRQHandler
                0x0000000008001e3c                OTG_FS_IRQHandler
                0x0000000008001e3c                SPI3_IRQHandler
                0x0000000008001e3c                DMA1_Stream4_IRQHandler
                0x0000000008001e3c                I2C1_ER_IRQHandler
                0x0000000008001e3c                DMA2_Stream6_IRQHandler
                0x0000000008001e3c                DMA1_Stream3_IRQHandler
 .text.PID      0x0000000008001e3e       0x2c libs/PID/libPID.a(PID.c.obj)
                0x0000000008001e3e                PID
 *(.glue_7)
 .glue_7        0x0000000008001e6a        0x0 linker stubs
 *(.glue_7t)
 .glue_7t       0x0000000008001e6a        0x0 linker stubs
 *(.eh_frame)
 *fill*         0x0000000008001e6a        0x2 
 .eh_frame      0x0000000008001e6c        0x0 /usr/lib/gcc/arm-none-eabi/10.3.1/thumb/v7e-m+fp/hard/crtbegin.o
 *(.init)
 .init          0x0000000008001e6c        0x4 /usr/lib/gcc/arm-none-eabi/10.3.1/thumb/v7e-m+fp/hard/crti.o
                0x0000000008001e6c                _init
 .init          0x0000000008001e70        0x8 /usr/lib/gcc/arm-none-eabi/10.3.1/thumb/v7e-m+fp/hard/crtn.o
 *(.fini)
 .fini          0x0000000008001e78        0x4 /usr/lib/gcc/arm-none-eabi/10.3.1/thumb/v7e-m+fp/hard/crti.o
                0x0000000008001e78                _fini
 .fini          0x0000000008001e7c        0x8 /usr/lib/gcc/arm-none-eabi/10.3.1/thumb/v7e-m+fp/hard/crtn.o
                0x0000000008001e84                . = ALIGN (0x4)
                0x0000000008001e84                _etext = .

.vfp11_veneer   0x0000000008001e84        0x0
 .vfp11_veneer  0x0000000008001e84        0x0 linker stubs

.v4_bx          0x0000000008001e84        0x0
 .v4_bx         0x0000000008001e84        0x0 linker stubs

.iplt           0x0000000008001e84        0x0
 .iplt          0x0000000008001e84        0x0 /usr/lib/gcc/arm-none-eabi/10.3.1/thumb/v7e-m+fp/hard/crtbegin.o

.rodata         0x0000000008001e84       0x18
                0x0000000008001e84                . = ALIGN (0x4)
 *(.rodata)
 *(.rodata*)
 .rodata.AHBPrescTable
                0x0000000008001e84       0x10 CMakeFiles/PID_test.dir/Core/Src/system_stm32f4xx.c.obj
                0x0000000008001e84                AHBPrescTable
 .rodata.APBPrescTable
                0x0000000008001e94        0x8 CMakeFiles/PID_test.dir/Core/Src/system_stm32f4xx.c.obj
                0x0000000008001e94                APBPrescTable
                0x0000000008001e9c                . = ALIGN (0x4)

.ARM.extab
 *(.ARM.extab* .gnu.linkonce.armextab.*)

.ARM            0x0000000008001e9c        0x8
                0x0000000008001e9c                __exidx_start = .
 *(.ARM.exidx*)
 .ARM.exidx     0x0000000008001e9c        0x8 /usr/lib/gcc/arm-none-eabi/10.3.1/thumb/v7e-m+fp/hard/libgcc.a(_udivmoddi4.o)
                0x0000000008001ea4                __exidx_end = .

.rel.dyn        0x0000000008001ea4        0x0
 .rel.iplt      0x0000000008001ea4        0x0 /usr/lib/gcc/arm-none-eabi/10.3.1/thumb/v7e-m+fp/hard/crtbegin.o

.preinit_array  0x0000000008001ea4        0x0
                0x0000000008001ea4                PROVIDE (__preinit_array_start = .)
 *(.preinit_array*)
                0x0000000008001ea4                PROVIDE (__preinit_array_end = .)

.init_array     0x0000000008001ea4        0x4
                0x0000000008001ea4                PROVIDE (__init_array_start = .)
 *(SORT_BY_NAME(.init_array.*))
 *(.init_array*)
 .init_array    0x0000000008001ea4        0x4 /usr/lib/gcc/arm-none-eabi/10.3.1/thumb/v7e-m+fp/hard/crtbegin.o
                0x0000000008001ea8                PROVIDE (__init_array_end = .)

.fini_array     0x0000000008001ea8        0x4
                0x0000000008001ea8                PROVIDE (__fini_array_start = .)
 *(SORT_BY_NAME(.fini_array.*))
 *(.fini_array*)
 .fini_array    0x0000000008001ea8        0x4 /usr/lib/gcc/arm-none-eabi/10.3.1/thumb/v7e-m+fp/hard/crtbegin.o
                0x0000000008001eac                PROVIDE (__fini_array_end = .)
                0x0000000008001eac                _sidata = LOADADDR (.data)

.data           0x0000000020000000        0xc load address 0x0000000008001eac
                0x0000000020000000                . = ALIGN (0x4)
                0x0000000020000000                _sdata = .
 *(.data)
 *(.data*)
 .data.uwTickPrio
                0x0000000020000000        0x4 CMakeFiles/PID_test.dir/Drivers/STM32F4xx_HAL_Driver/Src/stm32f4xx_hal.c.obj
                0x0000000020000000                uwTickPrio
 .data.uwTickFreq
                0x0000000020000004        0x1 CMakeFiles/PID_test.dir/Drivers/STM32F4xx_HAL_Driver/Src/stm32f4xx_hal.c.obj
                0x0000000020000004                uwTickFreq
 *fill*         0x0000000020000005        0x3 
 .data.SystemCoreClock
                0x0000000020000008        0x4 CMakeFiles/PID_test.dir/Core/Src/system_stm32f4xx.c.obj
                0x0000000020000008                SystemCoreClock
                0x000000002000000c                . = ALIGN (0x4)
                0x000000002000000c                _edata = .

.tm_clone_table
                0x000000002000000c        0x0 load address 0x0000000008001eb8
 .tm_clone_table
                0x000000002000000c        0x0 /usr/lib/gcc/arm-none-eabi/10.3.1/thumb/v7e-m+fp/hard/crtbegin.o
 .tm_clone_table
                0x000000002000000c        0x0 /usr/lib/gcc/arm-none-eabi/10.3.1/thumb/v7e-m+fp/hard/crtend.o

.igot.plt       0x000000002000000c        0x0 load address 0x0000000008001eb8
 .igot.plt      0x000000002000000c        0x0 /usr/lib/gcc/arm-none-eabi/10.3.1/thumb/v7e-m+fp/hard/crtbegin.o
                0x000000002000000c                . = ALIGN (0x4)

.bss            0x000000002000000c       0x68 load address 0x0000000008001eb8
                0x000000002000000c                _sbss = .
                0x000000002000000c                __bss_start__ = _sbss
 *(.bss)
 .bss           0x000000002000000c       0x1c /usr/lib/gcc/arm-none-eabi/10.3.1/thumb/v7e-m+fp/hard/crtbegin.o
 *(.bss*)
 .bss.huart2    0x0000000020000028       0x48 CMakeFiles/PID_test.dir/Core/Src/main.c.obj
                0x0000000020000028                huart2
 .bss.uwTick    0x0000000020000070        0x4 CMakeFiles/PID_test.dir/Drivers/STM32F4xx_HAL_Driver/Src/stm32f4xx_hal.c.obj
                0x0000000020000070                uwTick
 *(COMMON)
                0x0000000020000074                . = ALIGN (0x4)
                0x0000000020000074                _ebss = .
                0x0000000020000074                __bss_end__ = _ebss

._user_heap_stack
                0x0000000020000074     0x6004 load address 0x0000000008001eb8
                0x0000000020000078                . = ALIGN (0x8)
 *fill*         0x0000000020000074        0x4 
                [!provide]                        PROVIDE (end = .)
                0x0000000020000078                PROVIDE (_end = .)
                0x0000000020002078                . = (. + _Min_Heap_Size)
 *fill*         0x0000000020000078     0x2000 
                0x0000000020006078                . = (. + _Min_Stack_Size)
 *fill*         0x0000000020002078     0x4000 
                0x0000000020006078                . = ALIGN (0x8)

/DISCARD/
 libc.a(*)
 libm.a(*)
 libgcc.a(*)

.ARM.attributes
                0x0000000000000000       0x30
 *(.ARM.attributes)
 .ARM.attributes
                0x0000000000000000       0x1e /usr/lib/gcc/arm-none-eabi/10.3.1/thumb/v7e-m+fp/hard/crti.o
 .ARM.attributes
                0x000000000000001e       0x34 /usr/lib/gcc/arm-none-eabi/10.3.1/thumb/v7e-m+fp/hard/crtbegin.o
 .ARM.attributes
                0x0000000000000052       0x34 /usr/lib/gcc/arm-none-eabi/10.3.1/../../../arm-none-eabi/lib/thumb/v7e-m+fp/hard/libc_nano.a(lib_a-init.o)
 .ARM.attributes
                0x0000000000000086       0x34 /usr/lib/gcc/arm-none-eabi/10.3.1/../../../arm-none-eabi/lib/thumb/v7e-m+fp/hard/libc_nano.a(lib_a-memset.o)
 .ARM.attributes
                0x00000000000000ba       0x34 CMakeFiles/PID_test.dir/Core/Src/main.c.obj
 .ARM.attributes
                0x00000000000000ee       0x34 CMakeFiles/PID_test.dir/Core/Src/stm32f4xx_it.c.obj
 .ARM.attributes
                0x0000000000000122       0x34 CMakeFiles/PID_test.dir/Core/Src/stm32f4xx_hal_msp.c.obj
 .ARM.attributes
                0x0000000000000156       0x34 CMakeFiles/PID_test.dir/Drivers/STM32F4xx_HAL_Driver/Src/stm32f4xx_hal_uart.c.obj
 .ARM.attributes
                0x000000000000018a       0x34 CMakeFiles/PID_test.dir/Drivers/STM32F4xx_HAL_Driver/Src/stm32f4xx_hal_rcc.c.obj
 .ARM.attributes
                0x00000000000001be       0x34 CMakeFiles/PID_test.dir/Drivers/STM32F4xx_HAL_Driver/Src/stm32f4xx_hal_gpio.c.obj
 .ARM.attributes
                0x00000000000001f2       0x34 CMakeFiles/PID_test.dir/Drivers/STM32F4xx_HAL_Driver/Src/stm32f4xx_hal_cortex.c.obj
 .ARM.attributes
                0x0000000000000226       0x34 CMakeFiles/PID_test.dir/Drivers/STM32F4xx_HAL_Driver/Src/stm32f4xx_hal.c.obj
 .ARM.attributes
                0x000000000000025a       0x34 CMakeFiles/PID_test.dir/Core/Src/system_stm32f4xx.c.obj
 .ARM.attributes
                0x000000000000028e       0x21 CMakeFiles/PID_test.dir/startup_stm32f401xc.s.obj
 .ARM.attributes
                0x00000000000002af       0x34 libs/PID/libPID.a(PID.c.obj)
 .ARM.attributes
                0x00000000000002e3       0x1e /usr/lib/gcc/arm-none-eabi/10.3.1/thumb/v7e-m+fp/hard/libgcc.a(_aeabi_uldivmod.o)
 .ARM.attributes
                0x0000000000000301       0x34 /usr/lib/gcc/arm-none-eabi/10.3.1/thumb/v7e-m+fp/hard/libgcc.a(_udivmoddi4.o)
 .ARM.attributes
                0x0000000000000335       0x1e /usr/lib/gcc/arm-none-eabi/10.3.1/thumb/v7e-m+fp/hard/libgcc.a(_dvmd_tls.o)
 .ARM.attributes
                0x0000000000000353       0x32 /usr/lib/gcc/arm-none-eabi/10.3.1/thumb/v7e-m+fp/hard/crtend.o
 .ARM.attributes
                0x0000000000000385       0x1e /usr/lib/gcc/arm-none-eabi/10.3.1/thumb/v7e-m+fp/hard/crtn.o
OUTPUT(PID_test.elf elf32-littlearm)
LOAD linker stubs
LOAD /usr/lib/gcc/arm-none-eabi/10.3.1/../../../arm-none-eabi/lib/thumb/v7e-m+fp/hard/libc.a
LOAD /usr/lib/gcc/arm-none-eabi/10.3.1/../../../arm-none-eabi/lib/thumb/v7e-m+fp/hard/libm.a
LOAD /usr/lib/gcc/arm-none-eabi/10.3.1/thumb/v7e-m+fp/hard/libgcc.a

.comment        0x0000000000000000       0x33
 .comment       0x0000000000000000       0x33 /usr/lib/gcc/arm-none-eabi/10.3.1/thumb/v7e-m+fp/hard/crtbegin.o
                                         0x34 (size before relaxing)
 .comment       0x0000000000000033       0x34 /usr/lib/gcc/arm-none-eabi/10.3.1/../../../arm-none-eabi/lib/thumb/v7e-m+fp/hard/libc_nano.a(lib_a-init.o)
 .comment       0x0000000000000033       0x34 /usr/lib/gcc/arm-none-eabi/10.3.1/../../../arm-none-eabi/lib/thumb/v7e-m+fp/hard/libc_nano.a(lib_a-memset.o)
 .comment       0x0000000000000033       0x34 CMakeFiles/PID_test.dir/Core/Src/main.c.obj
 .comment       0x0000000000000033       0x34 CMakeFiles/PID_test.dir/Core/Src/stm32f4xx_it.c.obj
 .comment       0x0000000000000033       0x34 CMakeFiles/PID_test.dir/Core/Src/stm32f4xx_hal_msp.c.obj
 .comment       0x0000000000000033       0x34 CMakeFiles/PID_test.dir/Drivers/STM32F4xx_HAL_Driver/Src/stm32f4xx_hal_uart.c.obj
 .comment       0x0000000000000033       0x34 CMakeFiles/PID_test.dir/Drivers/STM32F4xx_HAL_Driver/Src/stm32f4xx_hal_rcc.c.obj
 .comment       0x0000000000000033       0x34 CMakeFiles/PID_test.dir/Drivers/STM32F4xx_HAL_Driver/Src/stm32f4xx_hal_gpio.c.obj
 .comment       0x0000000000000033       0x34 CMakeFiles/PID_test.dir/Drivers/STM32F4xx_HAL_Driver/Src/stm32f4xx_hal_cortex.c.obj
 .comment       0x0000000000000033       0x34 CMakeFiles/PID_test.dir/Drivers/STM32F4xx_HAL_Driver/Src/stm32f4xx_hal.c.obj
 .comment       0x0000000000000033       0x34 CMakeFiles/PID_test.dir/Core/Src/system_stm32f4xx.c.obj
 .comment       0x0000000000000033       0x34 libs/PID/libPID.a(PID.c.obj)
 .comment       0x0000000000000033       0x34 /usr/lib/gcc/arm-none-eabi/10.3.1/thumb/v7e-m+fp/hard/libgcc.a(_udivmoddi4.o)
 .comment       0x0000000000000033       0x34 /usr/lib/gcc/arm-none-eabi/10.3.1/thumb/v7e-m+fp/hard/crtend.o

.debug_info     0x0000000000000000     0x7d7c
 .debug_info    0x0000000000000000      0x11a /usr/lib/gcc/arm-none-eabi/10.3.1/../../../arm-none-eabi/lib/thumb/v7e-m+fp/hard/libc_nano.a(lib_a-init.o)
 .debug_info    0x000000000000011a      0x137 /usr/lib/gcc/arm-none-eabi/10.3.1/../../../arm-none-eabi/lib/thumb/v7e-m+fp/hard/libc_nano.a(lib_a-memset.o)
 .debug_info    0x0000000000000251      0xb57 CMakeFiles/PID_test.dir/Core/Src/main.c.obj
 .debug_info    0x0000000000000da8      0x119 CMakeFiles/PID_test.dir/Core/Src/stm32f4xx_it.c.obj
 .debug_info    0x0000000000000ec1      0x94f CMakeFiles/PID_test.dir/Core/Src/stm32f4xx_hal_msp.c.obj
 .debug_info    0x0000000000001810     0x3088 CMakeFiles/PID_test.dir/Drivers/STM32F4xx_HAL_Driver/Src/stm32f4xx_hal_uart.c.obj
 .debug_info    0x0000000000004898      0x917 CMakeFiles/PID_test.dir/Drivers/STM32F4xx_HAL_Driver/Src/stm32f4xx_hal_rcc.c.obj
 .debug_info    0x00000000000051af      0x76a CMakeFiles/PID_test.dir/Drivers/STM32F4xx_HAL_Driver/Src/stm32f4xx_hal_gpio.c.obj
 .debug_info    0x0000000000005919      0xda9 CMakeFiles/PID_test.dir/Drivers/STM32F4xx_HAL_Driver/Src/stm32f4xx_hal_cortex.c.obj
 .debug_info    0x00000000000066c2      0x8a7 CMakeFiles/PID_test.dir/Drivers/STM32F4xx_HAL_Driver/Src/stm32f4xx_hal.c.obj
 .debug_info    0x0000000000006f69      0x537 CMakeFiles/PID_test.dir/Core/Src/system_stm32f4xx.c.obj
 .debug_info    0x00000000000074a0       0x22 CMakeFiles/PID_test.dir/startup_stm32f401xc.s.obj
 .debug_info    0x00000000000074c2      0x157 libs/PID/libPID.a(PID.c.obj)
 .debug_info    0x0000000000007619       0x26 /usr/lib/gcc/arm-none-eabi/10.3.1/thumb/v7e-m+fp/hard/libgcc.a(_aeabi_uldivmod.o)
 .debug_info    0x000000000000763f      0x717 /usr/lib/gcc/arm-none-eabi/10.3.1/thumb/v7e-m+fp/hard/libgcc.a(_udivmoddi4.o)
 .debug_info    0x0000000000007d56       0x26 /usr/lib/gcc/arm-none-eabi/10.3.1/thumb/v7e-m+fp/hard/libgcc.a(_dvmd_tls.o)

.debug_abbrev   0x0000000000000000     0x14ca
 .debug_abbrev  0x0000000000000000       0xcc /usr/lib/gcc/arm-none-eabi/10.3.1/../../../arm-none-eabi/lib/thumb/v7e-m+fp/hard/libc_nano.a(lib_a-init.o)
 .debug_abbrev  0x00000000000000cc       0xb4 /usr/lib/gcc/arm-none-eabi/10.3.1/../../../arm-none-eabi/lib/thumb/v7e-m+fp/hard/libc_nano.a(lib_a-memset.o)
 .debug_abbrev  0x0000000000000180      0x20d CMakeFiles/PID_test.dir/Core/Src/main.c.obj
 .debug_abbrev  0x000000000000038d       0x61 CMakeFiles/PID_test.dir/Core/Src/stm32f4xx_it.c.obj
 .debug_abbrev  0x00000000000003ee      0x186 CMakeFiles/PID_test.dir/Core/Src/stm32f4xx_hal_msp.c.obj
 .debug_abbrev  0x0000000000000574      0x2c4 CMakeFiles/PID_test.dir/Drivers/STM32F4xx_HAL_Driver/Src/stm32f4xx_hal_uart.c.obj
 .debug_abbrev  0x0000000000000838      0x262 CMakeFiles/PID_test.dir/Drivers/STM32F4xx_HAL_Driver/Src/stm32f4xx_hal_rcc.c.obj
 .debug_abbrev  0x0000000000000a9a      0x1c4 CMakeFiles/PID_test.dir/Drivers/STM32F4xx_HAL_Driver/Src/stm32f4xx_hal_gpio.c.obj
 .debug_abbrev  0x0000000000000c5e      0x30d CMakeFiles/PID_test.dir/Drivers/STM32F4xx_HAL_Driver/Src/stm32f4xx_hal_cortex.c.obj
 .debug_abbrev  0x0000000000000f6b      0x20b CMakeFiles/PID_test.dir/Drivers/STM32F4xx_HAL_Driver/Src/stm32f4xx_hal.c.obj
 .debug_abbrev  0x0000000000001176      0x116 CMakeFiles/PID_test.dir/Core/Src/system_stm32f4xx.c.obj
 .debug_abbrev  0x000000000000128c       0x12 CMakeFiles/PID_test.dir/startup_stm32f401xc.s.obj
 .debug_abbrev  0x000000000000129e       0xa1 libs/PID/libPID.a(PID.c.obj)
 .debug_abbrev  0x000000000000133f       0x14 /usr/lib/gcc/arm-none-eabi/10.3.1/thumb/v7e-m+fp/hard/libgcc.a(_aeabi_uldivmod.o)
 .debug_abbrev  0x0000000000001353      0x163 /usr/lib/gcc/arm-none-eabi/10.3.1/thumb/v7e-m+fp/hard/libgcc.a(_udivmoddi4.o)
 .debug_abbrev  0x00000000000014b6       0x14 /usr/lib/gcc/arm-none-eabi/10.3.1/thumb/v7e-m+fp/hard/libgcc.a(_dvmd_tls.o)

.debug_loc      0x0000000000000000     0x12f5
 .debug_loc     0x0000000000000000       0xba /usr/lib/gcc/arm-none-eabi/10.3.1/../../../arm-none-eabi/lib/thumb/v7e-m+fp/hard/libc_nano.a(lib_a-init.o)
 .debug_loc     0x00000000000000ba      0x22c /usr/lib/gcc/arm-none-eabi/10.3.1/../../../arm-none-eabi/lib/thumb/v7e-m+fp/hard/libc_nano.a(lib_a-memset.o)
 .debug_loc     0x00000000000002e6     0x100f /usr/lib/gcc/arm-none-eabi/10.3.1/thumb/v7e-m+fp/hard/libgcc.a(_udivmoddi4.o)

.debug_aranges  0x0000000000000000      0x6e8
 .debug_aranges
                0x0000000000000000       0x20 /usr/lib/gcc/arm-none-eabi/10.3.1/../../../arm-none-eabi/lib/thumb/v7e-m+fp/hard/libc_nano.a(lib_a-init.o)
 .debug_aranges
                0x0000000000000020       0x20 /usr/lib/gcc/arm-none-eabi/10.3.1/../../../arm-none-eabi/lib/thumb/v7e-m+fp/hard/libc_nano.a(lib_a-memset.o)
 .debug_aranges
                0x0000000000000040       0x40 CMakeFiles/PID_test.dir/Core/Src/main.c.obj
 .debug_aranges
                0x0000000000000080       0x60 CMakeFiles/PID_test.dir/Core/Src/stm32f4xx_it.c.obj
 .debug_aranges
                0x00000000000000e0       0x30 CMakeFiles/PID_test.dir/Core/Src/stm32f4xx_hal_msp.c.obj
 .debug_aranges
                0x0000000000000110      0x208 CMakeFiles/PID_test.dir/Drivers/STM32F4xx_HAL_Driver/Src/stm32f4xx_hal_uart.c.obj
 .debug_aranges
                0x0000000000000318       0x88 CMakeFiles/PID_test.dir/Drivers/STM32F4xx_HAL_Driver/Src/stm32f4xx_hal_rcc.c.obj
 .debug_aranges
                0x00000000000003a0       0x58 CMakeFiles/PID_test.dir/Drivers/STM32F4xx_HAL_Driver/Src/stm32f4xx_hal_gpio.c.obj
 .debug_aranges
                0x00000000000003f8      0x130 CMakeFiles/PID_test.dir/Drivers/STM32F4xx_HAL_Driver/Src/stm32f4xx_hal_cortex.c.obj
 .debug_aranges
                0x0000000000000528       0xf0 CMakeFiles/PID_test.dir/Drivers/STM32F4xx_HAL_Driver/Src/stm32f4xx_hal.c.obj
 .debug_aranges
                0x0000000000000618       0x28 CMakeFiles/PID_test.dir/Core/Src/system_stm32f4xx.c.obj
 .debug_aranges
                0x0000000000000640       0x28 CMakeFiles/PID_test.dir/startup_stm32f401xc.s.obj
 .debug_aranges
                0x0000000000000668       0x20 libs/PID/libPID.a(PID.c.obj)
 .debug_aranges
                0x0000000000000688       0x20 /usr/lib/gcc/arm-none-eabi/10.3.1/thumb/v7e-m+fp/hard/libgcc.a(_aeabi_uldivmod.o)
 .debug_aranges
                0x00000000000006a8       0x20 /usr/lib/gcc/arm-none-eabi/10.3.1/thumb/v7e-m+fp/hard/libgcc.a(_udivmoddi4.o)
 .debug_aranges
                0x00000000000006c8       0x20 /usr/lib/gcc/arm-none-eabi/10.3.1/thumb/v7e-m+fp/hard/libgcc.a(_dvmd_tls.o)

.debug_line     0x0000000000000000     0x6f3e
 .debug_line    0x0000000000000000      0x138 /usr/lib/gcc/arm-none-eabi/10.3.1/../../../arm-none-eabi/lib/thumb/v7e-m+fp/hard/libc_nano.a(lib_a-init.o)
 .debug_line    0x0000000000000138      0x1bf /usr/lib/gcc/arm-none-eabi/10.3.1/../../../arm-none-eabi/lib/thumb/v7e-m+fp/hard/libc_nano.a(lib_a-memset.o)
 .debug_line    0x00000000000002f7      0x633 CMakeFiles/PID_test.dir/Core/Src/main.c.obj
 .debug_line    0x000000000000092a      0x5b7 CMakeFiles/PID_test.dir/Core/Src/stm32f4xx_it.c.obj
 .debug_line    0x0000000000000ee1      0x542 CMakeFiles/PID_test.dir/Core/Src/stm32f4xx_hal_msp.c.obj
 .debug_line    0x0000000000001423     0x26b5 CMakeFiles/PID_test.dir/Drivers/STM32F4xx_HAL_Driver/Src/stm32f4xx_hal_uart.c.obj
 .debug_line    0x0000000000003ad8      0xb6e CMakeFiles/PID_test.dir/Drivers/STM32F4xx_HAL_Driver/Src/stm32f4xx_hal_rcc.c.obj
 .debug_line    0x0000000000004646      0x914 CMakeFiles/PID_test.dir/Drivers/STM32F4xx_HAL_Driver/Src/stm32f4xx_hal_gpio.c.obj
 .debug_line    0x0000000000004f5a      0xad6 CMakeFiles/PID_test.dir/Drivers/STM32F4xx_HAL_Driver/Src/stm32f4xx_hal_cortex.c.obj
 .debug_line    0x0000000000005a30      0x7dc CMakeFiles/PID_test.dir/Drivers/STM32F4xx_HAL_Driver/Src/stm32f4xx_hal.c.obj
 .debug_line    0x000000000000620c      0x576 CMakeFiles/PID_test.dir/Core/Src/system_stm32f4xx.c.obj
 .debug_line    0x0000000000006782       0xa1 CMakeFiles/PID_test.dir/startup_stm32f401xc.s.obj
 .debug_line    0x0000000000006823       0xad libs/PID/libPID.a(PID.c.obj)
 .debug_line    0x00000000000068d0       0x60 /usr/lib/gcc/arm-none-eabi/10.3.1/thumb/v7e-m+fp/hard/libgcc.a(_aeabi_uldivmod.o)
 .debug_line    0x0000000000006930      0x5ae /usr/lib/gcc/arm-none-eabi/10.3.1/thumb/v7e-m+fp/hard/libgcc.a(_udivmoddi4.o)
 .debug_line    0x0000000000006ede       0x60 /usr/lib/gcc/arm-none-eabi/10.3.1/thumb/v7e-m+fp/hard/libgcc.a(_dvmd_tls.o)

.debug_str      0x0000000000000000    0x814a1
 .debug_str     0x0000000000000000      0x17b /usr/lib/gcc/arm-none-eabi/10.3.1/../../../arm-none-eabi/lib/thumb/v7e-m+fp/hard/libc_nano.a(lib_a-init.o)
                                        0x20b (size before relaxing)
 .debug_str     0x000000000000017b       0xb1 /usr/lib/gcc/arm-none-eabi/10.3.1/../../../arm-none-eabi/lib/thumb/v7e-m+fp/hard/libc_nano.a(lib_a-memset.o)
                                        0x1c0 (size before relaxing)
 .debug_str     0x000000000000022c    0x7f0f7 CMakeFiles/PID_test.dir/Core/Src/main.c.obj
                                      0x7f3c0 (size before relaxing)
 .debug_str     0x000000000007f323       0xe5 CMakeFiles/PID_test.dir/Core/Src/stm32f4xx_it.c.obj
                                      0x7ecd2 (size before relaxing)
 .debug_str     0x000000000007f408       0x7e CMakeFiles/PID_test.dir/Core/Src/stm32f4xx_hal_msp.c.obj
                                      0x7f24b (size before relaxing)
 .debug_str     0x000000000007f486      0x689 CMakeFiles/PID_test.dir/Drivers/STM32F4xx_HAL_Driver/Src/stm32f4xx_hal_uart.c.obj
                                      0x7f753 (size before relaxing)
 .debug_str     0x000000000007fb0f      0x2d6 CMakeFiles/PID_test.dir/Drivers/STM32F4xx_HAL_Driver/Src/stm32f4xx_hal_rcc.c.obj
                                      0x7f1d4 (size before relaxing)
 .debug_str     0x000000000007fde5      0x187 CMakeFiles/PID_test.dir/Drivers/STM32F4xx_HAL_Driver/Src/stm32f4xx_hal_gpio.c.obj
                                      0x7ef4d (size before relaxing)
 .debug_str     0x000000000007ff6c      0x7ed CMakeFiles/PID_test.dir/Drivers/STM32F4xx_HAL_Driver/Src/stm32f4xx_hal_cortex.c.obj
                                      0x7f55f (size before relaxing)
 .debug_str     0x0000000000080759      0x5d4 CMakeFiles/PID_test.dir/Drivers/STM32F4xx_HAL_Driver/Src/stm32f4xx_hal.c.obj
                                      0x7f7ba (size before relaxing)
 .debug_str     0x0000000000080d2d       0x72 CMakeFiles/PID_test.dir/Core/Src/system_stm32f4xx.c.obj
                                      0x7eddd (size before relaxing)
 .debug_str     0x0000000000080d9f       0x4d CMakeFiles/PID_test.dir/startup_stm32f401xc.s.obj
                                         0x7e (size before relaxing)
 .debug_str     0x0000000000080dec       0x9b libs/PID/libPID.a(PID.c.obj)
                                       0x37a9 (size before relaxing)
 .debug_str     0x0000000000080e87       0xa6 /usr/lib/gcc/arm-none-eabi/10.3.1/thumb/v7e-m+fp/hard/libgcc.a(_aeabi_uldivmod.o)
 .debug_str     0x0000000000080f2d      0x544 /usr/lib/gcc/arm-none-eabi/10.3.1/thumb/v7e-m+fp/hard/libgcc.a(_udivmoddi4.o)
                                        0x647 (size before relaxing)
 .debug_str     0x0000000000081471       0x30 /usr/lib/gcc/arm-none-eabi/10.3.1/thumb/v7e-m+fp/hard/libgcc.a(_dvmd_tls.o)
                                         0xaa (size before relaxing)

.debug_frame    0x0000000000000000     0x1888
 .debug_frame   0x0000000000000000       0x2c /usr/lib/gcc/arm-none-eabi/10.3.1/../../../arm-none-eabi/lib/thumb/v7e-m+fp/hard/libc_nano.a(lib_a-init.o)
 .debug_frame   0x000000000000002c       0x2c /usr/lib/gcc/arm-none-eabi/10.3.1/../../../arm-none-eabi/lib/thumb/v7e-m+fp/hard/libc_nano.a(lib_a-memset.o)
 .debug_frame   0x0000000000000058       0xac CMakeFiles/PID_test.dir/Core/Src/main.c.obj
 .debug_frame   0x0000000000000104      0x104 CMakeFiles/PID_test.dir/Core/Src/stm32f4xx_it.c.obj
 .debug_frame   0x0000000000000208       0x80 CMakeFiles/PID_test.dir/Core/Src/stm32f4xx_hal_msp.c.obj
 .debug_frame   0x0000000000000288      0x954 CMakeFiles/PID_test.dir/Drivers/STM32F4xx_HAL_Driver/Src/stm32f4xx_hal_uart.c.obj
 .debug_frame   0x0000000000000bdc      0x1f4 CMakeFiles/PID_test.dir/Drivers/STM32F4xx_HAL_Driver/Src/stm32f4xx_hal_rcc.c.obj
 .debug_frame   0x0000000000000dd0      0x14c CMakeFiles/PID_test.dir/Drivers/STM32F4xx_HAL_Driver/Src/stm32f4xx_hal_gpio.c.obj
 .debug_frame   0x0000000000000f1c      0x508 CMakeFiles/PID_test.dir/Drivers/STM32F4xx_HAL_Driver/Src/stm32f4xx_hal_cortex.c.obj
 .debug_frame   0x0000000000001424      0x374 CMakeFiles/PID_test.dir/Drivers/STM32F4xx_HAL_Driver/Src/stm32f4xx_hal.c.obj
 .debug_frame   0x0000000000001798       0x58 CMakeFiles/PID_test.dir/Core/Src/system_stm32f4xx.c.obj
 .debug_frame   0x00000000000017f0       0x38 libs/PID/libPID.a(PID.c.obj)
 .debug_frame   0x0000000000001828       0x2c /usr/lib/gcc/arm-none-eabi/10.3.1/thumb/v7e-m+fp/hard/libgcc.a(_aeabi_uldivmod.o)
 .debug_frame   0x0000000000001854       0x34 /usr/lib/gcc/arm-none-eabi/10.3.1/thumb/v7e-m+fp/hard/libgcc.a(_udivmoddi4.o)

.debug_ranges   0x0000000000000000      0x6b8
 .debug_ranges  0x0000000000000000       0x30 CMakeFiles/PID_test.dir/Core/Src/main.c.obj
 .debug_ranges  0x0000000000000030       0x50 CMakeFiles/PID_test.dir/Core/Src/stm32f4xx_it.c.obj
 .debug_ranges  0x0000000000000080       0x20 CMakeFiles/PID_test.dir/Core/Src/stm32f4xx_hal_msp.c.obj
 .debug_ranges  0x00000000000000a0      0x228 CMakeFiles/PID_test.dir/Drivers/STM32F4xx_HAL_Driver/Src/stm32f4xx_hal_uart.c.obj
 .debug_ranges  0x00000000000002c8       0x78 CMakeFiles/PID_test.dir/Drivers/STM32F4xx_HAL_Driver/Src/stm32f4xx_hal_rcc.c.obj
 .debug_ranges  0x0000000000000340       0x48 CMakeFiles/PID_test.dir/Drivers/STM32F4xx_HAL_Driver/Src/stm32f4xx_hal_gpio.c.obj
 .debug_ranges  0x0000000000000388      0x120 CMakeFiles/PID_test.dir/Drivers/STM32F4xx_HAL_Driver/Src/stm32f4xx_hal_cortex.c.obj
 .debug_ranges  0x00000000000004a8       0xe0 CMakeFiles/PID_test.dir/Drivers/STM32F4xx_HAL_Driver/Src/stm32f4xx_hal.c.obj
 .debug_ranges  0x0000000000000588       0x18 CMakeFiles/PID_test.dir/Core/Src/system_stm32f4xx.c.obj
 .debug_ranges  0x00000000000005a0       0x20 CMakeFiles/PID_test.dir/startup_stm32f401xc.s.obj
 .debug_ranges  0x00000000000005c0       0x10 libs/PID/libPID.a(PID.c.obj)
 .debug_ranges  0x00000000000005d0       0xe8 /usr/lib/gcc/arm-none-eabi/10.3.1/thumb/v7e-m+fp/hard/libgcc.a(_udivmoddi4.o)

.debug_macro    0x0000000000000000    0x14d77
 .debug_macro   0x0000000000000000      0x184 CMakeFiles/PID_test.dir/Core/Src/main.c.obj
 .debug_macro   0x0000000000000184      0xa78 CMakeFiles/PID_test.dir/Core/Src/main.c.obj
 .debug_macro   0x0000000000000bfc      0x295 CMakeFiles/PID_test.dir/Core/Src/main.c.obj
 .debug_macro   0x0000000000000e91       0x2e CMakeFiles/PID_test.dir/Core/Src/main.c.obj
 .debug_macro   0x0000000000000ebf       0x28 CMakeFiles/PID_test.dir/Core/Src/main.c.obj
 .debug_macro   0x0000000000000ee7      0x34e CMakeFiles/PID_test.dir/Core/Src/main.c.obj
 .debug_macro   0x0000000000001235       0x1c CMakeFiles/PID_test.dir/Core/Src/main.c.obj
 .debug_macro   0x0000000000001251       0x22 CMakeFiles/PID_test.dir/Core/Src/main.c.obj
 .debug_macro   0x0000000000001273       0xfb CMakeFiles/PID_test.dir/Core/Src/main.c.obj
 .debug_macro   0x000000000000136e     0x1011 CMakeFiles/PID_test.dir/Core/Src/main.c.obj
 .debug_macro   0x000000000000237f      0x11f CMakeFiles/PID_test.dir/Core/Src/main.c.obj
 .debug_macro   0x000000000000249e     0xb86c CMakeFiles/PID_test.dir/Core/Src/main.c.obj
 .debug_macro   0x000000000000dd0a       0x6d CMakeFiles/PID_test.dir/Core/Src/main.c.obj
 .debug_macro   0x000000000000dd77     0x369a CMakeFiles/PID_test.dir/Core/Src/main.c.obj
 .debug_macro   0x0000000000011411      0x174 CMakeFiles/PID_test.dir/Core/Src/main.c.obj
 .debug_macro   0x0000000000011585       0x5c CMakeFiles/PID_test.dir/Core/Src/main.c.obj
 .debug_macro   0x00000000000115e1      0x416 CMakeFiles/PID_test.dir/Core/Src/main.c.obj
 .debug_macro   0x00000000000119f7      0x9e9 CMakeFiles/PID_test.dir/Core/Src/main.c.obj
 .debug_macro   0x00000000000123e0      0x115 CMakeFiles/PID_test.dir/Core/Src/main.c.obj
 .debug_macro   0x00000000000124f5       0xf8 CMakeFiles/PID_test.dir/Core/Src/main.c.obj
 .debug_macro   0x00000000000125ed       0xa5 CMakeFiles/PID_test.dir/Core/Src/main.c.obj
 .debug_macro   0x0000000000012692      0x15f CMakeFiles/PID_test.dir/Core/Src/main.c.obj
 .debug_macro   0x00000000000127f1      0x287 CMakeFiles/PID_test.dir/Core/Src/main.c.obj
 .debug_macro   0x0000000000012a78       0x5f CMakeFiles/PID_test.dir/Core/Src/main.c.obj
 .debug_macro   0x0000000000012ad7      0x236 CMakeFiles/PID_test.dir/Core/Src/main.c.obj
 .debug_macro   0x0000000000012d0d      0x132 CMakeFiles/PID_test.dir/Core/Src/main.c.obj
 .debug_macro   0x0000000000012e3f      0x23a CMakeFiles/PID_test.dir/Core/Src/main.c.obj
 .debug_macro   0x0000000000013079       0x2e CMakeFiles/PID_test.dir/Core/Src/main.c.obj
 .debug_macro   0x00000000000130a7      0x127 CMakeFiles/PID_test.dir/Core/Src/main.c.obj
 .debug_macro   0x00000000000131ce       0x85 CMakeFiles/PID_test.dir/Core/Src/main.c.obj
 .debug_macro   0x0000000000013253       0x89 CMakeFiles/PID_test.dir/Core/Src/main.c.obj
 .debug_macro   0x00000000000132dc      0x2aa CMakeFiles/PID_test.dir/Core/Src/main.c.obj
 .debug_macro   0x0000000000013586      0x126 CMakeFiles/PID_test.dir/Core/Src/main.c.obj
 .debug_macro   0x00000000000136ac       0x10 CMakeFiles/PID_test.dir/Core/Src/main.c.obj
 .debug_macro   0x00000000000136bc      0x18a CMakeFiles/PID_test.dir/Core/Src/stm32f4xx_it.c.obj
 .debug_macro   0x0000000000013846      0x180 CMakeFiles/PID_test.dir/Core/Src/stm32f4xx_hal_msp.c.obj
 .debug_macro   0x00000000000139c6      0x172 CMakeFiles/PID_test.dir/Drivers/STM32F4xx_HAL_Driver/Src/stm32f4xx_hal_uart.c.obj
 .debug_macro   0x0000000000013b38      0x195 CMakeFiles/PID_test.dir/Drivers/STM32F4xx_HAL_Driver/Src/stm32f4xx_hal_rcc.c.obj
 .debug_macro   0x0000000000013ccd      0x177 CMakeFiles/PID_test.dir/Drivers/STM32F4xx_HAL_Driver/Src/stm32f4xx_hal_gpio.c.obj
 .debug_macro   0x0000000000013e44      0x171 CMakeFiles/PID_test.dir/Drivers/STM32F4xx_HAL_Driver/Src/stm32f4xx_hal_cortex.c.obj
 .debug_macro   0x0000000000013fb5      0x1d1 CMakeFiles/PID_test.dir/Drivers/STM32F4xx_HAL_Driver/Src/stm32f4xx_hal.c.obj
 .debug_macro   0x0000000000014186      0x171 CMakeFiles/PID_test.dir/Core/Src/system_stm32f4xx.c.obj
 .debug_macro   0x00000000000142f7       0x1a libs/PID/libPID.a(PID.c.obj)
 .debug_macro   0x0000000000014311      0xa66 libs/PID/libPID.a(PID.c.obj)
